Archive member included to satisfy reference by file (symbol)

app/libapp.a(battery.c.obj)   (--whole-archive)
app/libapp.a(bt.c.obj)        (--whole-archive)
app/libapp.a(clock.c.obj)     (--whole-archive)
app/libapp.a(cts_sync.c.obj)  (--whole-archive)
app/libapp.a(display.c.obj)   (--whole-archive)
app/libapp.a(event_handler.c.obj)
                              (--whole-archive)
app/libapp.a(gfx.c.obj)       (--whole-archive)
app/libapp.a(gui.c.obj)       (--whole-archive)
app/libapp.a(log.c.obj)       (--whole-archive)
app/libapp.a(main.c.obj)      (--whole-archive)
zephyr/libzephyr.a(cbprintf.c.obj)
                              (--whole-archive)
zephyr/libzephyr.a(crc32_sw.c.obj)
                              (--whole-archive)
zephyr/libzephyr.a(crc16_sw.c.obj)
                              (--whole-archive)
zephyr/libzephyr.a(crc8_sw.c.obj)
                              (--whole-archive)
zephyr/libzephyr.a(crc7_sw.c.obj)
                              (--whole-archive)
zephyr/libzephyr.a(dec.c.obj)
                              (--whole-archive)
zephyr/libzephyr.a(fdtable.c.obj)
                              (--whole-archive)
zephyr/libzephyr.a(hex.c.obj)
                              (--whole-archive)
zephyr/libzephyr.a(mempool.c.obj)
                              (--whole-archive)
zephyr/libzephyr.a(notify.c.obj)
                              (--whole-archive)
zephyr/libzephyr.a(printk.c.obj)
                              (--whole-archive)
zephyr/libzephyr.a(onoff.c.obj)
                              (--whole-archive)
zephyr/libzephyr.a(rb.c.obj)  (--whole-archive)
zephyr/libzephyr.a(sem.c.obj)
                              (--whole-archive)
zephyr/libzephyr.a(thread_entry.c.obj)
                              (--whole-archive)
zephyr/libzephyr.a(timeutil.c.obj)
                              (--whole-archive)
zephyr/libzephyr.a(work_q.c.obj)
                              (--whole-archive)
zephyr/libzephyr.a(heap.c.obj)
                              (--whole-archive)
zephyr/libzephyr.a(heap-validate.c.obj)
                              (--whole-archive)
zephyr/libzephyr.a(cbprintf_complete.c.obj)
                              (--whole-archive)
zephyr/libzephyr.a(configs.c.obj)
                              (--whole-archive)
zephyr/libzephyr.a(validate_base_addresses.c.obj)
                              (--whole-archive)
zephyr/libzephyr.a(validate_enabled_instances.c.obj)
                              (--whole-archive)
zephyr/libzephyr.a(addr_utils.c.obj)
                              (--whole-archive)
zephyr/libzephyr.a(settings_store.c.obj)
                              (--whole-archive)
zephyr/libzephyr.a(settings.c.obj)
                              (--whole-archive)
zephyr/libzephyr.a(settings_init.c.obj)
                              (--whole-archive)
zephyr/libzephyr.a(settings_line.c.obj)
                              (--whole-archive)
zephyr/libzephyr.a(settings_runtime.c.obj)
                              (--whole-archive)
zephyr/libzephyr.a(settings_none.c.obj)
                              (--whole-archive)
zephyr/libzephyr.a(power.c.obj)
                              (--whole-archive)
zephyr/libzephyr.a(device.c.obj)
                              (--whole-archive)
zephyr/libzephyr.a(policy_residency.c.obj)
                              (--whole-archive)
zephyr/libzephyr.a(uart_console.c.obj)
                              (--whole-archive)
zephyr/libzephyr.a(clock_control_nrf.c.obj)
                              (--whole-archive)
zephyr/libzephyr.a(nrf_clock_calibration.c.obj)
                              (--whole-archive)
zephyr/libzephyr.a(ssd1306.c.obj)
                              (--whole-archive)
zephyr/libzephyr.a(sys_clock_init.c.obj)
                              (--whole-archive)
zephyr/libzephyr.a(nrf_rtc_timer.c.obj)
                              (--whole-archive)
zephyr/libzephyr.a(utils.c.obj)
                              (--whole-archive)
zephyr/libzephyr.a(aes_decrypt.c.obj)
                              (--whole-archive)
zephyr/libzephyr.a(aes_encrypt.c.obj)
                              (--whole-archive)
zephyr/arch/common/libarch__common.a(sw_isr_common.c.obj)
                              (--whole-archive)
zephyr/arch/arch/arm/core/aarch32/libarch__arm__core__aarch32.a(swap.c.obj)
                              (--whole-archive)
zephyr/arch/arch/arm/core/aarch32/libarch__arm__core__aarch32.a(swap_helper.S.obj)
                              (--whole-archive)
zephyr/arch/arch/arm/core/aarch32/libarch__arm__core__aarch32.a(irq_manage.c.obj)
                              (--whole-archive)
zephyr/arch/arch/arm/core/aarch32/libarch__arm__core__aarch32.a(thread.c.obj)
                              (--whole-archive)
zephyr/arch/arch/arm/core/aarch32/libarch__arm__core__aarch32.a(cpu_idle.S.obj)
                              (--whole-archive)
zephyr/arch/arch/arm/core/aarch32/libarch__arm__core__aarch32.a(fatal.c.obj)
                              (--whole-archive)
[...]
Memory Configuration

Name             Origin             Length             Attributes
FLASH            0x0000000000000000 0x0000000000080000 xr
SRAM             0x0000000020000000 0x0000000000010000 xw
IDT_LIST         0x0000000020010000 0x0000000000000800 xw
*default*        0x0000000000000000 0xffffffffffffffff

Linker script and memory map

LOAD zephyr/CMakeFiles/zephyr_prebuilt.dir/misc/empty_file.c.obj
                0x0000000000000020                _region_min_align = 0x20

.rel.plt        0x0000000000000000        0x0
 *(SORT_BY_ALIGNMENT(.rel.plt))
                [!provide]                        PROVIDE (__rel_iplt_start = .)
 *(SORT_BY_ALIGNMENT(.rel.iplt))
 .rel.iplt      0x0000000000000000        0x0 app/libapp.a(battery.c.obj)
                [!provide]                        PROVIDE (__rel_iplt_end = .)

.rela.plt       0x0000000000000000        0x0
 *(SORT_BY_ALIGNMENT(.rela.plt))
                [!provide]                        PROVIDE (__rela_iplt_start = .)
 *(SORT_BY_ALIGNMENT(.rela.iplt))
                [!provide]                        PROVIDE (__rela_iplt_end = .)

.rel.dyn
 *(SORT_BY_ALIGNMENT(.rel.*))

.rela.dyn
 *(SORT_BY_ALIGNMENT(.rela.*))

/DISCARD/
 *(SORT_BY_ALIGNMENT(.plt))
 *(SORT_BY_ALIGNMENT(.iplt))
 *(SORT_BY_ALIGNMENT(.got.plt))
 *(SORT_BY_ALIGNMENT(.igot.plt))
 *(SORT_BY_ALIGNMENT(.got))
 *(SORT_BY_ALIGNMENT(.igot))
 *(SORT_BY_ALIGNMENT(.note.GNU-stack))
                0x0000000000000000                _image_rom_start = 0x0

rom_start       0x0000000000000000       0xdc
                0x0000000000000000                . = 0x0
                0x0000000000000000                . = ALIGN (0x4)
                0x0000000000000000                . = ALIGN (0x80)
                0x0000000000000000                . = ALIGN (0x100)
                0x0000000000000000                _vector_start = .
 *(SORT_BY_ALIGNMENT(.exc_vector_table))
 *(SORT_BY_ALIGNMENT(.exc_vector_table.*))
 .exc_vector_table._vector_table_section
                0x0000000000000000       0x40 zephyr/arch/arch/arm/core/aarch32/cortex_m/libarch__arm__core__aarch32__cortex_m.a(vector_table.S.obj)
                0x0000000000000000                _vector_table
 *(SORT_BY_ALIGNMENT(.gnu.linkonce.irq_vector_table*))
 .gnu.linkonce.irq_vector_table*
                0x0000000000000040       0x9c zephyr/arch/common/libisr_tables.a(isr_tables.c.obj)
                0x0000000000000040                _irq_vector_table
 *(SORT_BY_ALIGNMENT(.vectors))
                0x00000000000000dc                _vector_end = .
 *(SORT_BY_ALIGNMENT(.openocd_dbg))
 *(SORT_BY_ALIGNMENT(.openocd_dbg.*))

text            0x00000000000000e0    0x26e8c
                0x00000000000000e0                _image_text_start = .
 *(SORT_BY_ALIGNMENT(.text))
 .text          0x00000000000000e0       0xa0 /root/zephyr-sdk/arm-zephyr-eabi/arm-zephyr-eabi/lib/thumb/v7e-m/nofp/libc_nano.a(lib_a-memchr.o)
                0x00000000000000e0                memchr
 .text          0x0000000000000180       0x30 /root/zephyr-sdk/arm-zephyr-eabi/bin/../lib/gcc/arm-zephyr-eabi/9.2.0/thumb/v7e-m/nofp/libgcc.a(_aeabi_uldivmod.o)
                0x0000000000000180                __aeabi_uldivmod
 .text          0x00000000000001b0      0x2c4 /root/zephyr-sdk/arm-zephyr-eabi/bin/../lib/gcc/arm-zephyr-eabi/9.2.0/thumb/v7e-m/nofp/libgcc.a(_udivmoddi4.o)
                0x00000000000001b0                __udivmoddi4
 .text          0x0000000000000474        0x4 /root/zephyr-sdk/arm-zephyr-eabi/bin/../lib/gcc/arm-zephyr-eabi/9.2.0/thumb/v7e-m/nofp/libgcc.a(_dvmd_tls.o)
                0x0000000000000474                __aeabi_ldiv0
                0x0000000000000474                __aeabi_idiv0
 .text          0x0000000000000478       0x14 /root/zephyr-sdk/arm-zephyr-eabi/arm-zephyr-eabi/lib/thumb/v7e-m/nofp/libc_nano.a(lib_a-strcmp.o)
                0x0000000000000478                strcmp
 .text          0x000000000000048c       0x10 /root/zephyr-sdk/arm-zephyr-eabi/arm-zephyr-eabi/lib/thumb/v7e-m/nofp/libc_nano.a(lib_a-strlen.o)
                0x000000000000048c                strlen
 *(SORT_BY_ALIGNMENT(.text.*))
 *fill*         0x000000000000049c        0x4 
 .text.ull_drift_ticks_get
                0x00000000000004a0       0x8c zephyr/subsys/bluetooth/controller/libsubsys__bluetooth__controller.a(ull.c.obj)
                0x00000000000004a0                ull_drift_ticks_get
 *fill*         0x000000000000052c        0x4 
 .text.ll_adv_enable
                0x0000000000000530      0x5e0 zephyr/subsys/bluetooth/controller/libsubsys__bluetooth__controller.a(ull_adv.c.obj)
                0x0000000000000530                ll_adv_enable
 .text.ull_conn_llcp
                0x0000000000000b10     0x1b44 zephyr/subsys/bluetooth/controller/libsubsys__bluetooth__controller.a(ull_conn.c.obj)
                0x0000000000000b10                ull_conn_llcp
 *fill*         0x0000000000002654        0x4 
 .text.ull_slave_setup
                0x0000000000002658      0x3ec zephyr/subsys/bluetooth/controller/libsubsys__bluetooth__controller.a(ull_slave.c.obj)
                0x0000000000002658                ull_slave_setup
 .text.battery_init
                0x0000000000002a44       0x24 app/libapp.a(battery.c.obj)
                0x0000000000002a44                battery_init
 .text.battery_update_charging_status
                0x0000000000002a68        0xc app/libapp.a(battery.c.obj)
                0x0000000000002a68                battery_update_charging_status
 .text.battery_mv_to_ppt
                0x0000000000002a74       0x44 app/libapp.a(battery.c.obj)
                0x0000000000002a74                battery_mv_to_ppt
 .text.battery_update_percentage
                0x0000000000002ab8       0x2c app/libapp.a(battery.c.obj)
                0x0000000000002ab8                battery_update_percentage
 .text.advertise
                0x0000000000002ae4       0x24 app/libapp.a(bt.c.obj)
 .text.bt_init  0x0000000000002b08       0x88 app/libapp.a(bt.c.obj)
                0x0000000000002b08                bt_init
 .text.clock_str_to_local_time
                0x0000000000002b90       0x48 app/libapp.a(clock.c.obj)
                0x0000000000002b90                clock_str_to_local_time
 .text.clock_init
                0x0000000000002bd8        0xc app/libapp.a(clock.c.obj)
                0x0000000000002bd8                clock_init
 .text.clock_update_elapsed_ms
                0x0000000000002be4       0x3c app/libapp.a(clock.c.obj)
                0x0000000000002be4                clock_update_elapsed_ms
 .text.clock_sync_time
                0x0000000000002c20       0x34 app/libapp.a(clock.c.obj)
                0x0000000000002c20                clock_sync_time
 .text.clock_increment_local_time
                0x0000000000002c54       0x30 app/libapp.a(clock.c.obj)
                0x0000000000002c54                clock_increment_local_time
 .text.clock_show_time
                0x0000000000002c84       0x44 app/libapp.a(clock.c.obj)
                0x0000000000002c84                clock_show_time
 .text.cts_sync_timer_timeout_handler
                0x0000000000002cc8       0x10 app/libapp.a(cts_sync.c.obj)
 .text.cts_sync_processor
                0x0000000000002cd8       0x40 app/libapp.a(cts_sync.c.obj)
 .text.cts_sync_service_discovered
                0x0000000000002d18       0x3c app/libapp.a(cts_sync.c.obj)
                0x0000000000002d18                cts_sync_service_discovered
 .text.cts_sync_read
                0x0000000000002d54       0x64 app/libapp.a(cts_sync.c.obj)
                0x0000000000002d54                cts_sync_read
 .text.cts_sync_init
                0x0000000000002db8       0x14 app/libapp.a(cts_sync.c.obj)
                0x0000000000002db8                cts_sync_init
 .text.cts_sync_enable
                0x0000000000002dcc       0x30 app/libapp.a(cts_sync.c.obj)
                0x0000000000002dcc                cts_sync_enable
 .text.display_init
                0x0000000000002dfc       0x20 app/libapp.a(display.c.obj)
                0x0000000000002dfc                display_init
 .text.display_wake_up
                0x0000000000002e1c       0x10 app/libapp.a(display.c.obj)
                0x0000000000002e1c                display_wake_up
 .text.button_pressed_isr
                0x0000000000002e2c       0x28 app/libapp.a(event_handler.c.obj)
                0x0000000000002e2c                button_pressed_isr
 .text.battery_charging_isr
                0x0000000000002e54       0x28 app/libapp.a(event_handler.c.obj)
                0x0000000000002e54                battery_charging_isr
 .text.event_handler_init
                0x0000000000002e7c       0x7c app/libapp.a(event_handler.c.obj)
                0x0000000000002e7c                event_handler_init
 .text.gfx_init
                0x0000000000002ef8       0xe4 app/libapp.a(gfx.c.obj)
                0x0000000000002ef8                gfx_init
 .text.gfx_time_set_label
                0x0000000000002fdc       0x28 app/libapp.a(gfx.c.obj)
                0x0000000000002fdc                gfx_time_set_label
 .text.gfx_date_set_label
                0x0000000000003004       0x24 app/libapp.a(gfx.c.obj)
                0x0000000000003004                gfx_date_set_label
 .text.gfx_bt_set_label
                0x0000000000003028       0x2c app/libapp.a(gfx.c.obj)
                0x0000000000003028                gfx_bt_set_label
 .text.char_out
                0x0000000000003054       0x10 zephyr/libzephyr.a(printk.c.obj)
 .text.__printk_hook_install
                0x0000000000003064        0xc zephyr/libzephyr.a(printk.c.obj)
                0x0000000000003064                __printk_hook_install
 .text.vprintk  0x0000000000003070       0x1c zephyr/libzephyr.a(printk.c.obj)
                0x0000000000003070                vprintk
 .text.vsnprintk
                0x000000000000308c       0x28 zephyr/libzephyr.a(printk.c.obj)
                0x000000000000308c                vsnprintk
 .text.process_event
                0x00000000000030b4      0x1cc zephyr/libzephyr.a(onoff.c.obj)
 .text.extract_decimal
                0x0000000000003280       0x2c zephyr/libzephyr.a(cbprintf_complete.c.obj)
 .text.extract_conversion
                0x00000000000032ac      0x294 zephyr/libzephyr.a(cbprintf_complete.c.obj)
 .text.encode_uint
                0x0000000000003540       0xa0 zephyr/libzephyr.a(cbprintf_complete.c.obj)
 .text.cbvprintf
                0x00000000000035e0      0x414 zephyr/libzephyr.a(cbprintf_complete.c.obj)
                0x00000000000035e0                cbvprintf
 .text.settings_save_one
                0x00000000000039f4       0x4c zephyr/libzephyr.a(settings_store.c.obj)
                0x00000000000039f4                settings_save_one
 .text.settings_load_subtree
                0x0000000000003a40       0x54 zephyr/libzephyr.a(settings_store.c.obj)
                0x0000000000003a40                settings_load_subtree
 .text.settings_load_subtree_direct
                0x0000000000003a94       0x48 zephyr/libzephyr.a(settings_store.c.obj)
                0x0000000000003a94                settings_load_subtree_direct
 .text.settings_store_init
                0x0000000000003adc       0x10 zephyr/libzephyr.a(settings_store.c.obj)
                0x0000000000003adc                settings_store_init
 .text.settings_init
                0x0000000000003aec       0x10 zephyr/libzephyr.a(settings.c.obj)
                0x0000000000003aec                settings_init
 .text.settings_parse_and_lookup
                0x0000000000003afc       0x94 zephyr/libzephyr.a(settings.c.obj)
                0x0000000000003afc                settings_parse_and_lookup
 .text.settings_commit_subtree
                0x0000000000003b90       0x78 zephyr/libzephyr.a(settings.c.obj)
                0x0000000000003b90                settings_commit_subtree
 .text.settings_subsys_init
                0x0000000000003c08       0x20 zephyr/libzephyr.a(settings_init.c.obj)
                0x0000000000003c08                settings_subsys_init
 .text.settings_runtime_set
                0x0000000000003c28       0x30 zephyr/libzephyr.a(settings_runtime.c.obj)
                0x0000000000003c28                settings_runtime_set
 .text.sys_pm_create_device_list
                0x0000000000003c58       0x98 zephyr/libzephyr.a(device.c.obj)
                0x0000000000003c58                sys_pm_create_device_list
 .text.uart_console_init
                0x0000000000003cf0       0x2c zephyr/libzephyr.a(uart_console.c.obj)
 .text.console_out
                0x0000000000003d1c       0x28 zephyr/libzephyr.a(uart_console.c.obj)
 .text.onoff_stop
                0x0000000000003d44       0x48 zephyr/libzephyr.a(clock_control_nrf.c.obj)
 .text.onoff_start
                0x0000000000003d8c       0x58 zephyr/libzephyr.a(clock_control_nrf.c.obj)
 .text.clk_init
                0x0000000000003de4       0x64 zephyr/libzephyr.a(clock_control_nrf.c.obj)
 .text.clkstarted_handle.constprop.0
                0x0000000000003e48       0x34 zephyr/libzephyr.a(clock_control_nrf.c.obj)
 .text.clock_event_handler
                0x0000000000003e7c       0x34 zephyr/libzephyr.a(clock_control_nrf.c.obj)
 .text.generic_hfclk_start
                0x0000000000003eb0       0x64 zephyr/libzephyr.a(clock_control_nrf.c.obj)
 .text.lfclk_start
                0x0000000000003f14       0x24 zephyr/libzephyr.a(clock_control_nrf.c.obj)
 .text.generic_hfclk_stop
                0x0000000000003f38       0x2c zephyr/libzephyr.a(clock_control_nrf.c.obj)
 .text.api_blocking_start
                0x0000000000003f64       0x3c zephyr/libzephyr.a(clock_control_nrf.c.obj)
 .text.z_nrf_clock_control_get_onoff
                0x0000000000003fa0       0x10 zephyr/libzephyr.a(clock_control_nrf.c.obj)
                0x0000000000003fa0                z_nrf_clock_control_get_onoff
 .text.z_nrf_clock_bt_ctlr_hf_request
                0x0000000000003fb0       0x2c zephyr/libzephyr.a(clock_control_nrf.c.obj)
                0x0000000000003fb0                z_nrf_clock_bt_ctlr_hf_request
 .text.z_nrf_clock_bt_ctlr_hf_release
                0x0000000000003fdc       0x2c zephyr/libzephyr.a(clock_control_nrf.c.obj)
                0x0000000000003fdc                z_nrf_clock_bt_ctlr_hf_release
 .text.z_nrf_clock_control_lf_on
                0x0000000000004008       0xb4 zephyr/libzephyr.a(clock_control_nrf.c.obj)
                0x0000000000004008                z_nrf_clock_control_lf_on
 .text.hf_request
                0x00000000000040bc       0x24 zephyr/libzephyr.a(nrf_clock_calibration.c.obj)
 .text.temp_sensor_init
                0x00000000000040e0       0x18 zephyr/libzephyr.a(nrf_clock_calibration.c.obj)
 .text.start_cycle
                0x00000000000040f8       0x38 zephyr/libzephyr.a(nrf_clock_calibration.c.obj)
 .text.measure_temperature
                0x0000000000004130       0x90 zephyr/libzephyr.a(nrf_clock_calibration.c.obj)
 .text.timeout_handler
                0x00000000000041c0       0x28 zephyr/libzephyr.a(nrf_clock_calibration.c.obj)
 .text.cal_hf_callback
                0x00000000000041e8       0x58 zephyr/libzephyr.a(nrf_clock_calibration.c.obj)
 .text.z_nrf_clock_calibration_init
                0x0000000000004240       0x1c zephyr/libzephyr.a(nrf_clock_calibration.c.obj)
                0x0000000000004240                z_nrf_clock_calibration_init
 .text.z_nrf_clock_calibration_lfclk_started
                0x000000000000425c       0x34 zephyr/libzephyr.a(nrf_clock_calibration.c.obj)
                0x000000000000425c                z_nrf_clock_calibration_lfclk_started
 .text.z_nrf_clock_calibration_lfclk_stopped
                0x0000000000004290        0xc zephyr/libzephyr.a(nrf_clock_calibration.c.obj)
                0x0000000000004290                z_nrf_clock_calibration_lfclk_stopped
 .text.z_nrf_clock_calibration_done_handler
                0x000000000000429c       0x10 zephyr/libzephyr.a(nrf_clock_calibration.c.obj)
                0x000000000000429c                z_nrf_clock_calibration_done_handler
 .text.ssd1306_get_capabilities
                0x00000000000042ac       0x1c zephyr/libzephyr.a(ssd1306.c.obj)
 .text.ssd1306_init
                0x00000000000042c8       0xf8 zephyr/libzephyr.a(ssd1306.c.obj)
 .text.handle_next_cycle_case
                0x00000000000043c0       0x28 zephyr/libzephyr.a(nrf_rtc_timer.c.obj)
 .text.rtc_nrf_isr
                0x00000000000043e8       0x2c zephyr/libzephyr.a(nrf_rtc_timer.c.obj)
                0x00000000000043e8                rtc_nrf_isr
 .text.z_clock_driver_init
                0x0000000000004414       0x54 zephyr/libzephyr.a(nrf_rtc_timer.c.obj)
                0x0000000000004414                z_clock_driver_init
 .text.z_clock_set_timeout
                0x0000000000004468       0xcc zephyr/libzephyr.a(nrf_rtc_timer.c.obj)
                0x0000000000004468                z_clock_set_timeout
 .text.z_clock_elapsed
                0x0000000000004534       0x34 zephyr/libzephyr.a(nrf_rtc_timer.c.obj)
                0x0000000000004534                z_clock_elapsed
 .text.arch_swap
                0x0000000000004568       0x38 zephyr/arch/arch/arm/core/aarch32/libarch__arm__core__aarch32.a(swap.c.obj)
                0x0000000000004568                arch_swap
 .text.z_arm_pendsv
                0x00000000000045a0       0x48 zephyr/arch/arch/arm/core/aarch32/libarch__arm__core__aarch32.a(swap_helper.S.obj)
                0x00000000000045a0                z_arm_pendsv
 .text.z_arm_svc
                0x00000000000045e8       0x20 zephyr/arch/arch/arm/core/aarch32/libarch__arm__core__aarch32.a(swap_helper.S.obj)
                0x00000000000045e8                z_arm_svc
 .text.arch_irq_enable
                0x0000000000004608       0x20 zephyr/arch/arch/arm/core/aarch32/libarch__arm__core__aarch32.a(irq_manage.c.obj)
                0x0000000000004608                arch_irq_enable
 .text.arch_irq_disable
                0x0000000000004628       0x28 zephyr/arch/arch/arm/core/aarch32/libarch__arm__core__aarch32.a(irq_manage.c.obj)
                0x0000000000004628                arch_irq_disable
 .text.arch_irq_is_enabled
                0x0000000000004650       0x1c zephyr/arch/arch/arm/core/aarch32/libarch__arm__core__aarch32.a(irq_manage.c.obj)
                0x0000000000004650                arch_irq_is_enabled
 .text.z_arm_irq_priority_set
                0x000000000000466c       0x30 zephyr/arch/arch/arm/core/aarch32/libarch__arm__core__aarch32.a(irq_manage.c.obj)
                0x000000000000466c                z_arm_irq_priority_set
 .text._arch_isr_direct_pm
                0x000000000000469c       0x1c zephyr/arch/arch/arm/core/aarch32/libarch__arm__core__aarch32.a(irq_manage.c.obj)
                0x000000000000469c                _arch_isr_direct_pm
 .text.arch_new_thread
                0x00000000000046b8       0x38 zephyr/arch/arch/arm/core/aarch32/libarch__arm__core__aarch32.a(thread.c.obj)
                0x00000000000046b8                arch_new_thread
 .text.arch_switch_to_main_thread
                0x00000000000046f0       0x30 zephyr/arch/arch/arm/core/aarch32/libarch__arm__core__aarch32.a(thread.c.obj)
                0x00000000000046f0                arch_switch_to_main_thread
 .text.z_arm_cpu_idle_init
                0x0000000000004720        0xc zephyr/arch/arch/arm/core/aarch32/libarch__arm__core__aarch32.a(cpu_idle.S.obj)
                0x0000000000004720                z_arm_cpu_idle_init
 .text.arch_cpu_idle
                0x000000000000472c       0x1c zephyr/arch/arch/arm/core/aarch32/libarch__arm__core__aarch32.a(cpu_idle.S.obj)
                0x000000000000472c                arch_cpu_idle
 .text.arch_cpu_atomic_idle
                0x0000000000004748       0x14 zephyr/arch/arch/arm/core/aarch32/libarch__arm__core__aarch32.a(cpu_idle.S.obj)
                0x0000000000004748                arch_cpu_atomic_idle
 .text.z_SysNmiOnReset
                0x000000000000475c        0x8 zephyr/arch/arch/arm/core/aarch32/libarch__arm__core__aarch32.a(nmi_on_reset.S.obj)
                0x000000000000475c                z_SysNmiOnReset
 .text.z_arm_prep_c
                0x0000000000004764       0x44 zephyr/arch/arch/arm/core/aarch32/libarch__arm__core__aarch32.a(prep_c.c.obj)
                0x0000000000004764                z_arm_prep_c
 .text._isr_wrapper
                0x00000000000047a8       0x40 zephyr/arch/arch/arm/core/aarch32/libarch__arm__core__aarch32.a(isr_wrapper.S.obj)
                0x00000000000047a8                _isr_wrapper
 .text._reset_section
                0x00000000000047e8       0x30 zephyr/arch/arch/arm/core/aarch32/cortex_m/libarch__arm__core__aarch32__cortex_m.a(reset.S.obj)
                0x00000000000047e8                z_arm_reset
                0x00000000000047e8                __start
 .text.__fault  0x0000000000004818       0x14 zephyr/arch/arch/arm/core/aarch32/cortex_m/libarch__arm__core__aarch32__cortex_m.a(fault_s.S.obj)
                0x0000000000004818                z_arm_bus_fault
                0x0000000000004818                z_arm_usage_fault
                0x0000000000004818                z_arm_mpu_fault
                0x0000000000004818                z_arm_exc_spurious
                0x0000000000004818                z_arm_debug_monitor
                0x0000000000004818                z_arm_hard_fault
 .text.mem_manage_fault.isra.0
                0x000000000000482c       0x38 zephyr/arch/arch/arm/core/aarch32/cortex_m/libarch__arm__core__aarch32__cortex_m.a(fault.c.obj)
 .text.bus_fault.isra.0
                0x0000000000004864       0x3c zephyr/arch/arch/arm/core/aarch32/cortex_m/libarch__arm__core__aarch32__cortex_m.a(fault.c.obj)
 .text.usage_fault.isra.0
                0x00000000000048a0       0x24 zephyr/arch/arch/arm/core/aarch32/cortex_m/libarch__arm__core__aarch32__cortex_m.a(fault.c.obj)
 .text.z_arm_fault
                0x00000000000048c4       0xf8 zephyr/arch/arch/arm/core/aarch32/cortex_m/libarch__arm__core__aarch32__cortex_m.a(fault.c.obj)
                0x00000000000048c4                z_arm_fault
 .text.z_arm_fault_init
                0x00000000000049bc       0x10 zephyr/arch/arch/arm/core/aarch32/cortex_m/libarch__arm__core__aarch32__cortex_m.a(fault.c.obj)
                0x00000000000049bc                z_arm_fault_init
 .text._HandlerModeExit
                0x00000000000049cc       0x1c zephyr/arch/arch/arm/core/aarch32/cortex_m/libarch__arm__core__aarch32__cortex_m.a(exc_exit.S.obj)
                0x00000000000049cc                z_arm_exc_exit
                0x00000000000049cc                z_arm_int_exit
 .text.z_arm_interrupt_init
                0x00000000000049e8       0x18 zephyr/arch/arch/arm/core/aarch32/cortex_m/libarch__arm__core__aarch32__cortex_m.a(irq_init.c.obj)
                0x00000000000049e8                z_arm_interrupt_init
 .text.z_impl_k_thread_abort
                0x0000000000004a00       0x44 zephyr/arch/arch/arm/core/aarch32/cortex_m/libarch__arm__core__aarch32__cortex_m.a(thread_abort.c.obj)
                0x0000000000004a00                z_impl_k_thread_abort
 .text.z_arm_configure_static_mpu_regions
                0x0000000000004a44       0x18 zephyr/arch/arch/arm/core/aarch32/cortex_m/mpu/libarch__arm__core__aarch32__cortex_m__mpu.a(arm_core_mpu.c.obj)
                0x0000000000004a44                z_arm_configure_static_mpu_regions
 .text.mpu_configure_regions
                0x0000000000004a5c       0x80 zephyr/arch/arch/arm/core/aarch32/cortex_m/mpu/libarch__arm__core__aarch32__cortex_m__mpu.a(arm_mpu.c.obj)
 .text.arm_core_mpu_enable
                0x0000000000004adc       0x14 zephyr/arch/arch/arm/core/aarch32/cortex_m/mpu/libarch__arm__core__aarch32__cortex_m__mpu.a(arm_mpu.c.obj)
                0x0000000000004adc                arm_core_mpu_enable
 .text.arm_core_mpu_disable
                0x0000000000004af0       0x10 zephyr/arch/arch/arm/core/aarch32/cortex_m/mpu/libarch__arm__core__aarch32__cortex_m__mpu.a(arm_mpu.c.obj)
                0x0000000000004af0                arm_core_mpu_disable
 .text.arm_mpu_init
                0x0000000000004b00       0x5c zephyr/arch/arch/arm/core/aarch32/cortex_m/mpu/libarch__arm__core__aarch32__cortex_m__mpu.a(arm_mpu.c.obj)
 .text.arm_core_mpu_configure_static_mpu_regions
                0x0000000000004b5c       0x14 zephyr/arch/arch/arm/core/aarch32/cortex_m/mpu/libarch__arm__core__aarch32__cortex_m__mpu.a(arm_mpu.c.obj)
                0x0000000000004b5c                arm_core_mpu_configure_static_mpu_regions
 .text.__stdout_hook_install
                0x0000000000004b70        0xc zephyr/lib/libc/newlib/liblib__libc__newlib.a(libc-hooks.c.obj)
                0x0000000000004b70                __stdout_hook_install
 .text.z_impl_zephyr_write_stdout
                0x0000000000004b7c       0x30 zephyr/lib/libc/newlib/liblib__libc__newlib.a(libc-hooks.c.obj)
                0x0000000000004b7c                z_impl_zephyr_write_stdout
 .text._sbrk    0x0000000000004bac       0x44 zephyr/lib/libc/newlib/liblib__libc__newlib.a(libc-hooks.c.obj)
                0x0000000000004bac                _sbrk
                0x0000000000004bac                sbrk
 .text.__chk_fail
                0x0000000000004bf0       0x1c zephyr/lib/libc/newlib/liblib__libc__newlib.a(libc-hooks.c.obj)
                0x0000000000004bf0                __chk_fail
 .text.lvgl_init
                0x0000000000004c0c       0x90 zephyr/lib/gui/lvgl/liblib__gui__lvgl.a(lvgl.c.obj)
 .text.set_lvgl_rendering_cb
                0x0000000000004c9c       0x9c zephyr/lib/gui/lvgl/liblib__gui__lvgl.a(lvgl_display.c.obj)
                0x0000000000004c9c                set_lvgl_rendering_cb
 .text.nordicsemi_nrf52_init
                0x0000000000004d38       0x30 zephyr/soc/arm/nordic_nrf/nrf52/libsoc__arm__nordic_nrf__nrf52.a(soc.c.obj)
 .text.arch_busy_wait
                0x0000000000004d68       0x14 zephyr/soc/arm/nordic_nrf/nrf52/libsoc__arm__nordic_nrf__nrf52.a(soc.c.obj)
                0x0000000000004d68                arch_busy_wait
 .text.save_id  0x0000000000004d7c       0x18 zephyr/subsys/bluetooth/host/libsubsys__bluetooth__host.a(settings.c.obj)
 .text.set      0x0000000000004d94       0xa8 zephyr/subsys/bluetooth/host/libsubsys__bluetooth__host.a(settings.c.obj)
 .text.bt_settings_encode_key
                0x0000000000004e3c       0x60 zephyr/subsys/bluetooth/host/libsubsys__bluetooth__host.a(settings.c.obj)
                0x0000000000004e3c                bt_settings_encode_key
 .text.bt_settings_save_id
                0x0000000000004e9c       0x30 zephyr/subsys/bluetooth/host/libsubsys__bluetooth__host.a(settings.c.obj)
                0x0000000000004e9c                bt_settings_save_id
 .text.commit   0x0000000000004ecc       0x70 zephyr/subsys/bluetooth/host/libsubsys__bluetooth__host.a(settings.c.obj)
 .text.uuid_to_uuid128
                0x0000000000004f3c       0x88 zephyr/subsys/bluetooth/host/libsubsys__bluetooth__host.a(uuid.c.obj)
 .text.hci_le_meta_event
                0x0000000000004fc4       0x20 zephyr/subsys/bluetooth/host/libsubsys__bluetooth__host.a(hci_core.c.obj)
 .text.id_find  0x0000000000004fe4       0x30 zephyr/subsys/bluetooth/host/libsubsys__bluetooth__host.a(hci_core.c.obj)
 .text.valid_adv_param
                0x0000000000005014       0x7c zephyr/subsys/bluetooth/host/libsubsys__bluetooth__host.a(hci_core.c.obj)
 .text.find_pending_connect.part.0
                0x0000000000005090       0x3c zephyr/subsys/bluetooth/host/libsubsys__bluetooth__host.a(hci_core.c.obj)
 .text.hci_num_completed_packets
                0x00000000000050cc       0xf8 zephyr/subsys/bluetooth/host/libsubsys__bluetooth__host.a(hci_core.c.obj)
 .text.hci_cmd_done.isra.0
                0x00000000000051c4       0x7c zephyr/subsys/bluetooth/host/libsubsys__bluetooth__host.a(hci_core.c.obj)
 .text.hci_cmd_complete
                0x0000000000005240       0x2c zephyr/subsys/bluetooth/host/libsubsys__bluetooth__host.a(hci_core.c.obj)
 .text.le_adv_start_add_conn
                0x000000000000526c       0xa8 zephyr/subsys/bluetooth/host/libsubsys__bluetooth__host.a(hci_core.c.obj)
 .text.hci_cmd_status
                0x0000000000005314       0x28 zephyr/subsys/bluetooth/host/libsubsys__bluetooth__host.a(hci_core.c.obj)
 .text.bt_hci_cmd_create
                0x000000000000533c       0x70 zephyr/subsys/bluetooth/host/libsubsys__bluetooth__host.a(hci_core.c.obj)
                0x000000000000533c                bt_hci_cmd_create
 .text.bt_hci_cmd_send_sync
                0x00000000000053ac       0xc4 zephyr/subsys/bluetooth/host/libsubsys__bluetooth__host.a(hci_core.c.obj)
                0x00000000000053ac                bt_hci_cmd_send_sync
 .text.le_adv_update.constprop.0
                0x0000000000005470       0xe8 zephyr/subsys/bluetooth/host/libsubsys__bluetooth__host.a(hci_core.c.obj)
 .text.set_random_address
                0x0000000000005558       0x5c zephyr/subsys/bluetooth/host/libsubsys__bluetooth__host.a(hci_core.c.obj)
 .text.le_adv_set_random_addr.isra.0
                0x00000000000055b4       0xb4 zephyr/subsys/bluetooth/host/libsubsys__bluetooth__host.a(hci_core.c.obj)
 .text.set_le_adv_enable_legacy
                0x0000000000005668       0x5c zephyr/subsys/bluetooth/host/libsubsys__bluetooth__host.a(hci_core.c.obj)
 .text.id_create.isra.0
                0x00000000000056c4       0x68 zephyr/subsys/bluetooth/host/libsubsys__bluetooth__host.a(hci_core.c.obj)
 .text.bt_send  0x000000000000572c       0x10 zephyr/subsys/bluetooth/host/libsubsys__bluetooth__host.a(hci_core.c.obj)
                0x000000000000572c                bt_send
 .text.bt_hci_cmd_send
                0x000000000000573c       0x44 zephyr/subsys/bluetooth/host/libsubsys__bluetooth__host.a(hci_core.c.obj)
                0x000000000000573c                bt_hci_cmd_send
 .text.conn_auto_initiate
                0x0000000000005780       0xb4 zephyr/subsys/bluetooth/host/libsubsys__bluetooth__host.a(hci_core.c.obj)
 .text.hci_tx_thread
                0x0000000000005834      0x128 zephyr/subsys/bluetooth/host/libsubsys__bluetooth__host.a(hci_core.c.obj)
 .text.hci_event_prio
                0x000000000000595c       0xa4 zephyr/subsys/bluetooth/host/libsubsys__bluetooth__host.a(hci_core.c.obj)
                0x000000000000595c                hci_event_prio
 .text.bt_recv  0x0000000000005a00       0xf4 zephyr/subsys/bluetooth/host/libsubsys__bluetooth__host.a(hci_core.c.obj)
                0x0000000000005a00                bt_recv
 .text.bt_recv_prio
                0x0000000000005af4       0x3c zephyr/subsys/bluetooth/host/libsubsys__bluetooth__host.a(hci_core.c.obj)
                0x0000000000005af4                bt_recv_prio
 .text.bt_hci_driver_register
                0x0000000000005b30       0x28 zephyr/subsys/bluetooth/host/libsubsys__bluetooth__host.a(hci_core.c.obj)
                0x0000000000005b30                bt_hci_driver_register
 .text.bt_finalize_init
                0x0000000000005b58        0xc zephyr/subsys/bluetooth/host/libsubsys__bluetooth__host.a(hci_core.c.obj)
                0x0000000000005b58                bt_finalize_init
 .text.bt_init  0x0000000000005b64      0x398 zephyr/subsys/bluetooth/host/libsubsys__bluetooth__host.a(hci_core.c.obj)
 .text.init_work
                0x0000000000005efc       0x18 zephyr/subsys/bluetooth/host/libsubsys__bluetooth__host.a(hci_core.c.obj)
 .text.bt_enable
                0x0000000000005f14       0xb4 zephyr/subsys/bluetooth/host/libsubsys__bluetooth__host.a(hci_core.c.obj)
                0x0000000000005f14                bt_enable
 .text.bt_set_name
                0x0000000000005fc8       0x80 zephyr/subsys/bluetooth/host/libsubsys__bluetooth__host.a(hci_core.c.obj)
                0x0000000000005fc8                bt_set_name
 .text.bt_get_name
                0x0000000000006048        0x8 zephyr/subsys/bluetooth/host/libsubsys__bluetooth__host.a(hci_core.c.obj)
                0x0000000000006048                bt_get_name
 .text.bt_id_create
                0x0000000000006050       0x68 zephyr/subsys/bluetooth/host/libsubsys__bluetooth__host.a(hci_core.c.obj)
                0x0000000000006050                bt_id_create
 .text.bt_setup_public_id_addr
                0x00000000000060b8       0x84 zephyr/subsys/bluetooth/host/libsubsys__bluetooth__host.a(hci_core.c.obj)
                0x00000000000060b8                bt_setup_public_id_addr
 .text.bt_read_static_addr
                0x000000000000613c       0x68 zephyr/subsys/bluetooth/host/libsubsys__bluetooth__host.a(hci_core.c.obj)
                0x000000000000613c                bt_read_static_addr
 .text.bt_setup_random_id_addr
                0x00000000000061a4       0x54 zephyr/subsys/bluetooth/host/libsubsys__bluetooth__host.a(hci_core.c.obj)
                0x00000000000061a4                bt_setup_random_id_addr
 .text.bt_le_adv_start_legacy
                0x00000000000061f8      0x20c zephyr/subsys/bluetooth/host/libsubsys__bluetooth__host.a(hci_core.c.obj)
                0x00000000000061f8                bt_le_adv_start_legacy
 .text.bt_le_adv_start
                0x0000000000006404       0x1c zephyr/subsys/bluetooth/host/libsubsys__bluetooth__host.a(hci_core.c.obj)
                0x0000000000006404                bt_le_adv_start
 .text.bt_le_adv_stop
                0x0000000000006420       0x98 zephyr/subsys/bluetooth/host/libsubsys__bluetooth__host.a(hci_core.c.obj)
                0x0000000000006420                bt_le_adv_stop
 .text.bt_le_adv_resume
                0x00000000000064b8       0x6c zephyr/subsys/bluetooth/host/libsubsys__bluetooth__host.a(hci_core.c.obj)
                0x00000000000064b8                bt_le_adv_resume
 .text.enh_conn_complete
                0x0000000000006524      0x124 zephyr/subsys/bluetooth/host/libsubsys__bluetooth__host.a(hci_core.c.obj)
 .text.bt_buf_get_rx
                0x0000000000006648       0x20 zephyr/subsys/bluetooth/host/libsubsys__bluetooth__host.a(hci_core.c.obj)
                0x0000000000006648                bt_buf_get_rx
 .text.bt_buf_get_cmd_complete
                0x0000000000006668       0x4c zephyr/subsys/bluetooth/host/libsubsys__bluetooth__host.a(hci_core.c.obj)
                0x0000000000006668                bt_buf_get_cmd_complete
 .text.bt_buf_get_evt
                0x00000000000066b4       0x54 zephyr/subsys/bluetooth/host/libsubsys__bluetooth__host.a(hci_core.c.obj)
                0x00000000000066b4                bt_buf_get_evt
 .text.tx_free  0x0000000000006708       0x14 zephyr/subsys/bluetooth/host/libsubsys__bluetooth__host.a(conn.c.obj)
 .text.notify_connected
                0x000000000000671c       0x2c zephyr/subsys/bluetooth/host/libsubsys__bluetooth__host.a(conn.c.obj)
 .text.send_frag
                0x0000000000006748      0x114 zephyr/subsys/bluetooth/host/libsubsys__bluetooth__host.a(conn.c.obj)
 .text.bt_conn_get_pkts
                0x000000000000685c        0x8 zephyr/subsys/bluetooth/host/libsubsys__bluetooth__host.a(conn.c.obj)
                0x000000000000685c                bt_conn_get_pkts
 .text.notify_le_param_updated
                0x0000000000006864       0x68 zephyr/subsys/bluetooth/host/libsubsys__bluetooth__host.a(conn.c.obj)
                0x0000000000006864                notify_le_param_updated
 .text.le_param_req
                0x00000000000068cc       0x40 zephyr/subsys/bluetooth/host/libsubsys__bluetooth__host.a(conn.c.obj)
                0x00000000000068cc                le_param_req
 .text.bt_conn_cb_register
                0x000000000000690c       0x10 zephyr/subsys/bluetooth/host/libsubsys__bluetooth__host.a(conn.c.obj)
                0x000000000000690c                bt_conn_cb_register
 .text.conn_cleanup
                0x000000000000691c       0x44 zephyr/subsys/bluetooth/host/libsubsys__bluetooth__host.a(conn.c.obj)
 .text.bt_conn_send_cb
                0x0000000000006960       0x88 zephyr/subsys/bluetooth/host/libsubsys__bluetooth__host.a(conn.c.obj)
                0x0000000000006960                bt_conn_send_cb
 .text.bt_conn_prepare_events
                0x00000000000069e8       0x7c zephyr/subsys/bluetooth/host/libsubsys__bluetooth__host.a(conn.c.obj)
                0x00000000000069e8                bt_conn_prepare_events
 .text.bt_conn_add_le
                0x0000000000006a64       0x58 zephyr/subsys/bluetooth/host/libsubsys__bluetooth__host.a(conn.c.obj)
                0x0000000000006a64                bt_conn_add_le
 .text.bt_conn_lookup_handle
                0x0000000000006abc       0x18 zephyr/subsys/bluetooth/host/libsubsys__bluetooth__host.a(conn.c.obj)
                0x0000000000006abc                bt_conn_lookup_handle
 .text.bt_conn_lookup_addr_le
                0x0000000000006ad4       0x38 zephyr/subsys/bluetooth/host/libsubsys__bluetooth__host.a(conn.c.obj)
                0x0000000000006ad4                bt_conn_lookup_addr_le
 .text.bt_conn_lookup_state_le
                0x0000000000006b0c       0x4c zephyr/subsys/bluetooth/host/libsubsys__bluetooth__host.a(conn.c.obj)
                0x0000000000006b0c                bt_conn_lookup_state_le
 .text.bt_conn_foreach
                0x0000000000006b58       0x28 zephyr/subsys/bluetooth/host/libsubsys__bluetooth__host.a(conn.c.obj)
                0x0000000000006b58                bt_conn_foreach
 .text.bt_conn_set_state
                0x0000000000006b80      0x15c zephyr/subsys/bluetooth/host/libsubsys__bluetooth__host.a(conn.c.obj)
                0x0000000000006b80                bt_conn_set_state
 .text.send_conn_le_param_update
                0x0000000000006cdc       0x5c zephyr/subsys/bluetooth/host/libsubsys__bluetooth__host.a(conn.c.obj)
 .text.deferred_work
                0x0000000000006d38       0x9c zephyr/subsys/bluetooth/host/libsubsys__bluetooth__host.a(conn.c.obj)
 .text.bt_conn_create_pdu_timeout
                0x0000000000006dd4       0x24 zephyr/subsys/bluetooth/host/libsubsys__bluetooth__host.a(conn.c.obj)
                0x0000000000006dd4                bt_conn_create_pdu_timeout
 .text.bt_conn_create_frag_timeout
                0x0000000000006df8        0xc zephyr/subsys/bluetooth/host/libsubsys__bluetooth__host.a(conn.c.obj)
                0x0000000000006df8                bt_conn_create_frag_timeout
 .text.create_frag.isra.0
                0x0000000000006e04       0x6c zephyr/subsys/bluetooth/host/libsubsys__bluetooth__host.a(conn.c.obj)
 .text.bt_conn_process_tx
                0x0000000000006e70       0xd0 zephyr/subsys/bluetooth/host/libsubsys__bluetooth__host.a(conn.c.obj)
                0x0000000000006e70                bt_conn_process_tx
 .text.bt_conn_index
                0x0000000000006f40       0x18 zephyr/subsys/bluetooth/host/libsubsys__bluetooth__host.a(conn.c.obj)
                0x0000000000006f40                bt_conn_index
 .text.bt_conn_init
                0x0000000000006f58       0x40 zephyr/subsys/bluetooth/host/libsubsys__bluetooth__host.a(conn.c.obj)
                0x0000000000006f58                bt_conn_init
 .text.l2cap_accept
                0x0000000000006f98       0x1c zephyr/subsys/bluetooth/host/libsubsys__bluetooth__host.a(l2cap.c.obj)
 .text.bt_l2cap_connected
                0x0000000000006fb4       0xb8 zephyr/subsys/bluetooth/host/libsubsys__bluetooth__host.a(l2cap.c.obj)
                0x0000000000006fb4                bt_l2cap_connected
 .text.bt_l2cap_update_conn_param
                0x000000000000706c       0x5c zephyr/subsys/bluetooth/host/libsubsys__bluetooth__host.a(l2cap.c.obj)
                0x000000000000706c                bt_l2cap_update_conn_param
 .text.att_cfm_sent
                0x00000000000070c8       0x10 zephyr/subsys/bluetooth/host/libsubsys__bluetooth__host.a(att.c.obj)
 .text.att_rsp_sent
                0x00000000000070d8       0x10 zephyr/subsys/bluetooth/host/libsubsys__bluetooth__host.a(att.c.obj)
 .text.att_req_sent
                0x00000000000070e8       0x10 zephyr/subsys/bluetooth/host/libsubsys__bluetooth__host.a(att.c.obj)
 .text.bt_att_released
                0x00000000000070f8       0x18 zephyr/subsys/bluetooth/host/libsubsys__bluetooth__host.a(att.c.obj)
 .text.read_group_cb
                0x0000000000007110       0xac zephyr/subsys/bluetooth/host/libsubsys__bluetooth__host.a(att.c.obj)
 .text.read_type_cb
                0x00000000000071bc       0xa8 zephyr/subsys/bluetooth/host/libsubsys__bluetooth__host.a(att.c.obj)
 .text.chan_send
                0x0000000000007264       0xcc zephyr/subsys/bluetooth/host/libsubsys__bluetooth__host.a(att.c.obj)
 .text.chan_req_sent
                0x0000000000007330       0x1c zephyr/subsys/bluetooth/host/libsubsys__bluetooth__host.a(att.c.obj)
 .text.bt_att_accept
                0x000000000000734c       0xa0 zephyr/subsys/bluetooth/host/libsubsys__bluetooth__host.a(att.c.obj)
 .text.bt_att_connected
                0x00000000000073ec       0x64 zephyr/subsys/bluetooth/host/libsubsys__bluetooth__host.a(att.c.obj)
 .text.prep_write_cb
                0x0000000000007450       0x84 zephyr/subsys/bluetooth/host/libsubsys__bluetooth__host.a(att.c.obj)
 .text.att_indicate
                0x00000000000074d4       0x3c zephyr/subsys/bluetooth/host/libsubsys__bluetooth__host.a(att.c.obj)
 .text.send_err_rsp.part.0
                0x0000000000007510       0x40 zephyr/subsys/bluetooth/host/libsubsys__bluetooth__host.a(att.c.obj)
 .text.bt_att_recv
                0x0000000000007550       0xd8 zephyr/subsys/bluetooth/host/libsubsys__bluetooth__host.a(att.c.obj)
 .text.att_write_rsp
                0x0000000000007628       0xd0 zephyr/subsys/bluetooth/host/libsubsys__bluetooth__host.a(att.c.obj)
 .text.att_exec_write_req
                0x00000000000076f8       0x84 zephyr/subsys/bluetooth/host/libsubsys__bluetooth__host.a(att.c.obj)
 .text.att_prepare_write_req
                0x000000000000777c       0xe4 zephyr/subsys/bluetooth/host/libsubsys__bluetooth__host.a(att.c.obj)
 .text.att_read_group_req
                0x0000000000007860      0x108 zephyr/subsys/bluetooth/host/libsubsys__bluetooth__host.a(att.c.obj)
 .text.att_read_mult_req
                0x0000000000007968       0x8c zephyr/subsys/bluetooth/host/libsubsys__bluetooth__host.a(att.c.obj)
 .text.att_read_rsp
                0x00000000000079f4       0x94 zephyr/subsys/bluetooth/host/libsubsys__bluetooth__host.a(att.c.obj)
 .text.att_read_type_req
                0x0000000000007a88       0xc8 zephyr/subsys/bluetooth/host/libsubsys__bluetooth__host.a(att.c.obj)
 .text.att_find_type_req
                0x0000000000007b50       0xdc zephyr/subsys/bluetooth/host/libsubsys__bluetooth__host.a(att.c.obj)
 .text.att_find_info_req
                0x0000000000007c2c       0x78 zephyr/subsys/bluetooth/host/libsubsys__bluetooth__host.a(att.c.obj)
 .text.att_mtu_req
                0x0000000000007ca4       0x64 zephyr/subsys/bluetooth/host/libsubsys__bluetooth__host.a(att.c.obj)
 .text.bt_att_req_alloc
                0x0000000000007d08       0x2c zephyr/subsys/bluetooth/host/libsubsys__bluetooth__host.a(att.c.obj)
                0x0000000000007d08                bt_att_req_alloc
 .text.bt_att_req_free
                0x0000000000007d34       0x18 zephyr/subsys/bluetooth/host/libsubsys__bluetooth__host.a(att.c.obj)
                0x0000000000007d34                bt_att_req_free
 .text.att_handle_rsp
                0x0000000000007d4c       0xd0 zephyr/subsys/bluetooth/host/libsubsys__bluetooth__host.a(att.c.obj)
 .text.att_error_rsp
                0x0000000000007e1c       0x34 zephyr/subsys/bluetooth/host/libsubsys__bluetooth__host.a(att.c.obj)
 .text.att_reset
                0x0000000000007e50       0x78 zephyr/subsys/bluetooth/host/libsubsys__bluetooth__host.a(att.c.obj)
 .text.bt_att_req_cancel
                0x0000000000007ec8       0x60 zephyr/subsys/bluetooth/host/libsubsys__bluetooth__host.a(att.c.obj)
                0x0000000000007ec8                bt_att_req_cancel
 .text.sc_store
                0x0000000000007f28       0x40 zephyr/subsys/bluetooth/host/libsubsys__bluetooth__host.a(gatt.c.obj)
 .text.find_sc_cfg
                0x0000000000007f68       0x20 zephyr/subsys/bluetooth/host/libsubsys__bluetooth__host.a(gatt.c.obj)
 .text.bt_gatt_clear_sc
                0x0000000000007f88       0x48 zephyr/subsys/bluetooth/host/libsubsys__bluetooth__host.a(gatt.c.obj)
 .text.disconnected_cb
                0x0000000000007fd0       0x8c zephyr/subsys/bluetooth/host/libsubsys__bluetooth__host.a(gatt.c.obj)
 .text.ccc_save
                0x000000000000805c       0x38 zephyr/subsys/bluetooth/host/libsubsys__bluetooth__host.a(gatt.c.obj)
 .text.ccc_load
                0x0000000000008094       0x88 zephyr/subsys/bluetooth/host/libsubsys__bluetooth__host.a(gatt.c.obj)
 .text.remove_peer_from_attr
                0x000000000000811c       0x28 zephyr/subsys/bluetooth/host/libsubsys__bluetooth__host.a(gatt.c.obj)
 .text.gatt_sub_find
                0x0000000000008144       0x3c zephyr/subsys/bluetooth/host/libsubsys__bluetooth__host.a(gatt.c.obj)
 .text.sc_commit
                0x0000000000008180       0x48 zephyr/subsys/bluetooth/host/libsubsys__bluetooth__host.a(gatt.c.obj)
 .text.sc_indicate_rsp
                0x00000000000081c8       0x44 zephyr/subsys/bluetooth/host/libsubsys__bluetooth__host.a(gatt.c.obj)
 .text.gatt_write_ccc.constprop.0
                0x000000000000820c       0x68 zephyr/subsys/bluetooth/host/libsubsys__bluetooth__host.a(gatt.c.obj)
 .text.gatt_indicate
                0x0000000000008274       0x6c zephyr/subsys/bluetooth/host/libsubsys__bluetooth__host.a(gatt.c.obj)
 .text.notify_cb
                0x00000000000082e0       0xc8 zephyr/subsys/bluetooth/host/libsubsys__bluetooth__host.a(gatt.c.obj)
 .text.bt_gatt_init
                0x00000000000083a8       0xa0 zephyr/subsys/bluetooth/host/libsubsys__bluetooth__host.a(gatt.c.obj)
                0x00000000000083a8                bt_gatt_init
 .text.read_ppcp
                0x0000000000008448       0x2c zephyr/subsys/bluetooth/host/libsubsys__bluetooth__host.a(gatt.c.obj)
 .text.bt_gatt_attr_get_handle
                0x0000000000008474       0x60 zephyr/subsys/bluetooth/host/libsubsys__bluetooth__host.a(gatt.c.obj)
                0x0000000000008474                bt_gatt_attr_get_handle
 .text.bt_gatt_foreach_attr_type
                0x00000000000084d4       0xb4 zephyr/subsys/bluetooth/host/libsubsys__bluetooth__host.a(gatt.c.obj)
                0x00000000000084d4                bt_gatt_foreach_attr_type
 .text.ccc_set_direct
                0x0000000000008588       0x94 zephyr/subsys/bluetooth/host/libsubsys__bluetooth__host.a(gatt.c.obj)
 .text.bt_gatt_indicate
                0x000000000000861c       0xf4 zephyr/subsys/bluetooth/host/libsubsys__bluetooth__host.a(gatt.c.obj)
                0x000000000000861c                bt_gatt_indicate
 .text.sc_process
                0x0000000000008710       0x78 zephyr/subsys/bluetooth/host/libsubsys__bluetooth__host.a(gatt.c.obj)
 .text.update_ccc
                0x0000000000008788       0xb4 zephyr/subsys/bluetooth/host/libsubsys__bluetooth__host.a(gatt.c.obj)
 .text.bt_gatt_discover
                0x000000000000883c      0x1b0 zephyr/subsys/bluetooth/host/libsubsys__bluetooth__host.a(gatt.c.obj)
                0x000000000000883c                bt_gatt_discover
 .text.gatt_read_type_rsp
                0x00000000000089ec      0x210 zephyr/subsys/bluetooth/host/libsubsys__bluetooth__host.a(gatt.c.obj)
 .text.bt_gatt_read
                0x0000000000008bfc       0xec zephyr/subsys/bluetooth/host/libsubsys__bluetooth__host.a(gatt.c.obj)
                0x0000000000008bfc                bt_gatt_read
 .text.bt_gatt_connected
                0x0000000000008ce8       0xa4 zephyr/subsys/bluetooth/host/libsubsys__bluetooth__host.a(gatt.c.obj)
                0x0000000000008ce8                bt_gatt_connected
 .text.bt_gatt_store_ccc
                0x0000000000008d8c       0x60 zephyr/subsys/bluetooth/host/libsubsys__bluetooth__host.a(gatt.c.obj)
                0x0000000000008d8c                bt_gatt_store_ccc
 .text.bt_gatt_disconnected
                0x0000000000008dec       0xcc zephyr/subsys/bluetooth/host/libsubsys__bluetooth__host.a(gatt.c.obj)
                0x0000000000008dec                bt_gatt_disconnected
 .text.bt_smp_accept
                0x0000000000008eb8       0x1c zephyr/subsys/bluetooth/host/libsubsys__bluetooth__host.a(smp_null.c.obj)
 .text.mem_init
                0x0000000000008ed4       0x40 zephyr/subsys/bluetooth/controller/libsubsys__bluetooth__controller.a(mem.c.obj)
                0x0000000000008ed4                mem_init
 .text.mem_acquire
                0x0000000000008f14       0x2c zephyr/subsys/bluetooth/controller/libsubsys__bluetooth__controller.a(mem.c.obj)
                0x0000000000008f14                mem_acquire
 .text.mem_release
                0x0000000000008f40       0x34 zephyr/subsys/bluetooth/controller/libsubsys__bluetooth__controller.a(mem.c.obj)
                0x0000000000008f40                mem_release
 .text.mem_get  0x0000000000008f74        0x8 zephyr/subsys/bluetooth/controller/libsubsys__bluetooth__controller.a(mem.c.obj)
                0x0000000000008f74                mem_get
 .text.mem_index_get
                0x0000000000008f7c        0xc zephyr/subsys/bluetooth/controller/libsubsys__bluetooth__controller.a(mem.c.obj)
                0x0000000000008f7c                mem_index_get
 .text.mem_rcopy
                0x0000000000008f88       0x1c zephyr/subsys/bluetooth/controller/libsubsys__bluetooth__controller.a(mem.c.obj)
                0x0000000000008f88                mem_rcopy
 .text.mem_nz   0x0000000000008fa4       0x18 zephyr/subsys/bluetooth/controller/libsubsys__bluetooth__controller.a(mem.c.obj)
                0x0000000000008fa4                mem_nz
 .text.memq_init
                0x0000000000008fbc        0x8 zephyr/subsys/bluetooth/controller/libsubsys__bluetooth__controller.a(memq.c.obj)
                0x0000000000008fbc                memq_init
 .text.memq_deinit
                0x0000000000008fc4       0x14 zephyr/subsys/bluetooth/controller/libsubsys__bluetooth__controller.a(memq.c.obj)
                0x0000000000008fc4                memq_deinit
 .text.memq_enqueue
                0x0000000000008fd8       0x10 zephyr/subsys/bluetooth/controller/libsubsys__bluetooth__controller.a(memq.c.obj)
                0x0000000000008fd8                memq_enqueue
 .text.memq_peek
                0x0000000000008fe8       0x10 zephyr/subsys/bluetooth/controller/libsubsys__bluetooth__controller.a(memq.c.obj)
                0x0000000000008fe8                memq_peek
 .text.memq_dequeue
                0x0000000000008ff8       0x20 zephyr/subsys/bluetooth/controller/libsubsys__bluetooth__controller.a(memq.c.obj)
                0x0000000000008ff8                memq_dequeue
 .text.mayfly_init
                0x0000000000009018       0x40 zephyr/subsys/bluetooth/controller/libsubsys__bluetooth__controller.a(mayfly.c.obj)
                0x0000000000009018                mayfly_init
 .text.mayfly_enable
                0x0000000000009058       0x68 zephyr/subsys/bluetooth/controller/libsubsys__bluetooth__controller.a(mayfly.c.obj)
                0x0000000000009058                mayfly_enable
 .text.mayfly_enqueue
                0x00000000000090c0       0xa8 zephyr/subsys/bluetooth/controller/libsubsys__bluetooth__controller.a(mayfly.c.obj)
                0x00000000000090c0                mayfly_enqueue
 .text.mayfly_run
                0x0000000000009168      0x144 zephyr/subsys/bluetooth/controller/libsubsys__bluetooth__controller.a(mayfly.c.obj)
                0x0000000000009168                mayfly_run
 .text.util_ones_count_get
                0x00000000000092ac       0x30 zephyr/subsys/bluetooth/controller/libsubsys__bluetooth__controller.a(util.c.obj)
                0x00000000000092ac                util_ones_count_get
 .text.ticker_worker
                0x00000000000092dc      0x2d4 zephyr/subsys/bluetooth/controller/libsubsys__bluetooth__controller.a(ticker.c.obj)
                0x00000000000092dc                ticker_worker
 .text.ticker_job
                0x00000000000095b0      0xe44 zephyr/subsys/bluetooth/controller/libsubsys__bluetooth__controller.a(ticker.c.obj)
                0x00000000000095b0                ticker_job
 .text.ticker_init
                0x000000000000a3f4       0x98 zephyr/subsys/bluetooth/controller/libsubsys__bluetooth__controller.a(ticker.c.obj)
                0x000000000000a3f4                ticker_init
 .text.ticker_trigger
                0x000000000000a48c       0x30 zephyr/subsys/bluetooth/controller/libsubsys__bluetooth__controller.a(ticker.c.obj)
                0x000000000000a48c                ticker_trigger
 .text.ticker_start_ext
                0x000000000000a4bc       0xac zephyr/subsys/bluetooth/controller/libsubsys__bluetooth__controller.a(ticker.c.obj)
                0x000000000000a4bc                ticker_start_ext
 .text.ticker_start
                0x000000000000a568       0x38 zephyr/subsys/bluetooth/controller/libsubsys__bluetooth__controller.a(ticker.c.obj)
                0x000000000000a568                ticker_start
 .text.ticker_update
                0x000000000000a5a0       0xa0 zephyr/subsys/bluetooth/controller/libsubsys__bluetooth__controller.a(ticker.c.obj)
                0x000000000000a5a0                ticker_update
 .text.ticker_stop
                0x000000000000a640       0x8c zephyr/subsys/bluetooth/controller/libsubsys__bluetooth__controller.a(ticker.c.obj)
                0x000000000000a640                ticker_stop
 .text.ticker_ticks_now_get
                0x000000000000a6cc        0x4 zephyr/subsys/bluetooth/controller/libsubsys__bluetooth__controller.a(ticker.c.obj)
                0x000000000000a6cc                ticker_ticks_now_get
 .text.ticker_ticks_diff_get
                0x000000000000a6d0        0x8 zephyr/subsys/bluetooth/controller/libsubsys__bluetooth__controller.a(ticker.c.obj)
                0x000000000000a6d0                ticker_ticks_diff_get
 .text.ll_addr_get
                0x000000000000a6d8       0x3c zephyr/subsys/bluetooth/controller/libsubsys__bluetooth__controller.a(ll_addr.c.obj)
                0x000000000000a6d8                ll_addr_get
 .text.ll_addr_set
                0x000000000000a714       0x3c zephyr/subsys/bluetooth/controller/libsubsys__bluetooth__controller.a(ll_addr.c.obj)
                0x000000000000a714                ll_addr_set
 .text.ll_tx_pwr_lvl_get
                0x000000000000a750       0x20 zephyr/subsys/bluetooth/controller/libsubsys__bluetooth__controller.a(ll_tx_pwr.c.obj)
                0x000000000000a750                ll_tx_pwr_lvl_get
 .text.ll_tx_pwr_get
                0x000000000000a770        0x8 zephyr/subsys/bluetooth/controller/libsubsys__bluetooth__controller.a(ll_tx_pwr.c.obj)
                0x000000000000a770                ll_tx_pwr_get
 .text.hci_driver_init
                0x000000000000a778       0x10 zephyr/subsys/bluetooth/controller/libsubsys__bluetooth__controller.a(hci_driver.c.obj)
 .text.hci_driver_send
                0x000000000000a788       0x6c zephyr/subsys/bluetooth/controller/libsubsys__bluetooth__controller.a(hci_driver.c.obj)
 .text.recv_thread
                0x000000000000a7f4       0xf0 zephyr/subsys/bluetooth/controller/libsubsys__bluetooth__controller.a(hci_driver.c.obj)
 .text.prio_recv_thread
                0x000000000000a8e4       0xc0 zephyr/subsys/bluetooth/controller/libsubsys__bluetooth__controller.a(hci_driver.c.obj)
 .text.hci_driver_open
                0x000000000000a9a4       0x90 zephyr/subsys/bluetooth/controller/libsubsys__bluetooth__controller.a(hci_driver.c.obj)
 .text.cmd_complete_status
                0x000000000000aa34       0x24 zephyr/subsys/bluetooth/controller/libsubsys__bluetooth__controller.a(hci.c.obj)
 .text.meta_evt
                0x000000000000aa58       0x30 zephyr/subsys/bluetooth/controller/libsubsys__bluetooth__controller.a(hci.c.obj)
 .text.encrypt_change.part.0
                0x000000000000aa88       0x34 zephyr/subsys/bluetooth/controller/libsubsys__bluetooth__controller.a(hci.c.obj)
 .text.le_remote_feat_complete
                0x000000000000aabc       0x6c zephyr/subsys/bluetooth/controller/libsubsys__bluetooth__controller.a(hci.c.obj)
 .text.hci_disconn_complete_encode.part.0
                0x000000000000ab28       0x30 zephyr/subsys/bluetooth/controller/libsubsys__bluetooth__controller.a(hci.c.obj)
 .text.hci_cmd_complete
                0x000000000000ab58       0x20 zephyr/subsys/bluetooth/controller/libsubsys__bluetooth__controller.a(hci.c.obj)
                0x000000000000ab58                hci_cmd_complete
 .text.hci_vendor_cmd_handle_common
                0x000000000000ab78      0x120 zephyr/subsys/bluetooth/controller/libsubsys__bluetooth__controller.a(hci.c.obj)
                0x000000000000ab78                hci_vendor_cmd_handle_common
 .text.hci_cmd_handle
                0x000000000000ac98      0x774 zephyr/subsys/bluetooth/controller/libsubsys__bluetooth__controller.a(hci.c.obj)
                0x000000000000ac98                hci_cmd_handle
 .text.hci_acl_handle
                0x000000000000b40c       0xcc zephyr/subsys/bluetooth/controller/libsubsys__bluetooth__controller.a(hci.c.obj)
                0x000000000000b40c                hci_acl_handle
 .text.hci_disconn_complete_encode
                0x000000000000b4d8       0x20 zephyr/subsys/bluetooth/controller/libsubsys__bluetooth__controller.a(hci.c.obj)
                0x000000000000b4d8                hci_disconn_complete_encode
 .text.hci_disconn_complete_process
                0x000000000000b4f8       0x10 zephyr/subsys/bluetooth/controller/libsubsys__bluetooth__controller.a(hci.c.obj)
                0x000000000000b4f8                hci_disconn_complete_process
 .text.hci_acl_encode
                0x000000000000b508       0x74 zephyr/subsys/bluetooth/controller/libsubsys__bluetooth__controller.a(hci.c.obj)
                0x000000000000b508                hci_acl_encode
 .text.hci_evt_encode
                0x000000000000b57c      0x480 zephyr/subsys/bluetooth/controller/libsubsys__bluetooth__controller.a(hci.c.obj)
                0x000000000000b57c                hci_evt_encode
 .text.hci_num_cmplt_encode
                0x000000000000b9fc       0x30 zephyr/subsys/bluetooth/controller/libsubsys__bluetooth__controller.a(hci.c.obj)
                0x000000000000b9fc                hci_num_cmplt_encode
 .text.hci_get_class
                0x000000000000ba2c       0x2c zephyr/subsys/bluetooth/controller/libsubsys__bluetooth__controller.a(hci.c.obj)
                0x000000000000ba2c                hci_get_class
 .text.hci_init
                0x000000000000ba58       0x40 zephyr/subsys/bluetooth/controller/libsubsys__bluetooth__controller.a(hci.c.obj)
                0x000000000000ba58                hci_init
 .text.bt_rand  0x000000000000ba98        0x4 zephyr/subsys/bluetooth/controller/libsubsys__bluetooth__controller.a(crypto.c.obj)
                0x000000000000ba98                bt_rand
 .text.bt_encrypt_le
                0x000000000000ba9c        0xc zephyr/subsys/bluetooth/controller/libsubsys__bluetooth__controller.a(crypto.c.obj)
                0x000000000000ba9c                bt_encrypt_le
 .text.perform_lll_reset
                0x000000000000baa8       0x94 zephyr/subsys/bluetooth/controller/libsubsys__bluetooth__controller.a(ull.c.obj)
 .text.ull_ticker_status_give
                0x000000000000bb3c        0xc zephyr/subsys/bluetooth/controller/libsubsys__bluetooth__controller.a(ull.c.obj)
                0x000000000000bb3c                ull_ticker_status_give
 .text.disabled_cb
                0x000000000000bb48        0x4 zephyr/subsys/bluetooth/controller/libsubsys__bluetooth__controller.a(ull.c.obj)
 .text.tx_cmplt_get
                0x000000000000bb4c       0xcc zephyr/subsys/bluetooth/controller/libsubsys__bluetooth__controller.a(ull.c.obj)
 .text.rx_demux
                0x000000000000bc18      0x380 zephyr/subsys/bluetooth/controller/libsubsys__bluetooth__controller.a(ull.c.obj)
 .text.ll_init  0x000000000000bf98      0x2c8 zephyr/subsys/bluetooth/controller/libsubsys__bluetooth__controller.a(ull.c.obj)
                0x000000000000bf98                ll_init
 .text.ll_reset
                0x000000000000c260      0x2e4 zephyr/subsys/bluetooth/controller/libsubsys__bluetooth__controller.a(ull.c.obj)
                0x000000000000c260                ll_reset
 .text.ll_rx_get
                0x000000000000c544      0x1b4 zephyr/subsys/bluetooth/controller/libsubsys__bluetooth__controller.a(ull.c.obj)
                0x000000000000c544                ll_rx_get
 .text.ll_rx_dequeue
                0x000000000000c6f8      0x19c zephyr/subsys/bluetooth/controller/libsubsys__bluetooth__controller.a(ull.c.obj)
                0x000000000000c6f8                ll_rx_dequeue
 .text.ll_rx_mem_release
                0x000000000000c894      0x254 zephyr/subsys/bluetooth/controller/libsubsys__bluetooth__controller.a(ull.c.obj)
                0x000000000000c894                ll_rx_mem_release
 .text.ll_rx_link_alloc
                0x000000000000cae8        0xc zephyr/subsys/bluetooth/controller/libsubsys__bluetooth__controller.a(ull.c.obj)
                0x000000000000cae8                ll_rx_link_alloc
 .text.ll_rx_link_release
                0x000000000000caf4        0xc zephyr/subsys/bluetooth/controller/libsubsys__bluetooth__controller.a(ull.c.obj)
                0x000000000000caf4                ll_rx_link_release
 .text.ll_rx_alloc
                0x000000000000cb00        0xc zephyr/subsys/bluetooth/controller/libsubsys__bluetooth__controller.a(ull.c.obj)
                0x000000000000cb00                ll_rx_alloc
 .text.ll_rx_release
                0x000000000000cb0c        0xc zephyr/subsys/bluetooth/controller/libsubsys__bluetooth__controller.a(ull.c.obj)
                0x000000000000cb0c                ll_rx_release
 .text.ll_rx_put
                0x000000000000cb18       0x14 zephyr/subsys/bluetooth/controller/libsubsys__bluetooth__controller.a(ull.c.obj)
                0x000000000000cb18                ll_rx_put
 .text.ll_rx_sched
                0x000000000000cb2c        0xc zephyr/subsys/bluetooth/controller/libsubsys__bluetooth__controller.a(ull.c.obj)
                0x000000000000cb2c                ll_rx_sched
 .text.ll_pdu_rx_alloc_peek
                0x000000000000cb38       0x3c zephyr/subsys/bluetooth/controller/libsubsys__bluetooth__controller.a(ull.c.obj)
                0x000000000000cb38                ll_pdu_rx_alloc_peek
 .text.ll_pdu_rx_alloc
                0x000000000000cb74       0x30 zephyr/subsys/bluetooth/controller/libsubsys__bluetooth__controller.a(ull.c.obj)
                0x000000000000cb74                ll_pdu_rx_alloc
 .text.ll_tx_ack_put
                0x000000000000cba4       0x60 zephyr/subsys/bluetooth/controller/libsubsys__bluetooth__controller.a(ull.c.obj)
                0x000000000000cba4                ll_tx_ack_put
 .text.ull_ticker_status_take
                0x000000000000cc04       0x50 zephyr/subsys/bluetooth/controller/libsubsys__bluetooth__controller.a(ull.c.obj)
                0x000000000000cc04                ull_ticker_status_take
 .text.ull_disable_mark
                0x000000000000cc54       0x18 zephyr/subsys/bluetooth/controller/libsubsys__bluetooth__controller.a(ull.c.obj)
                0x000000000000cc54                ull_disable_mark
 .text.ull_disable_unmark
                0x000000000000cc6c       0x18 zephyr/subsys/bluetooth/controller/libsubsys__bluetooth__controller.a(ull.c.obj)
                0x000000000000cc6c                ull_disable_unmark
 .text.ull_disable_mark_get
                0x000000000000cc84        0xc zephyr/subsys/bluetooth/controller/libsubsys__bluetooth__controller.a(ull.c.obj)
                0x000000000000cc84                ull_disable_mark_get
 .text.ull_update_mark
                0x000000000000cc90       0x18 zephyr/subsys/bluetooth/controller/libsubsys__bluetooth__controller.a(ull.c.obj)
                0x000000000000cc90                ull_update_mark
 .text.ull_update_unmark
                0x000000000000cca8       0x18 zephyr/subsys/bluetooth/controller/libsubsys__bluetooth__controller.a(ull.c.obj)
                0x000000000000cca8                ull_update_unmark
 .text.ull_update_mark_get
                0x000000000000ccc0        0xc zephyr/subsys/bluetooth/controller/libsubsys__bluetooth__controller.a(ull.c.obj)
                0x000000000000ccc0                ull_update_mark_get
 .text.ull_disable
                0x000000000000cccc       0x7c zephyr/subsys/bluetooth/controller/libsubsys__bluetooth__controller.a(ull.c.obj)
                0x000000000000cccc                ull_disable
 .text.ull_ticker_stop_with_mark
                0x000000000000cd48       0x80 zephyr/subsys/bluetooth/controller/libsubsys__bluetooth__controller.a(ull.c.obj)
                0x000000000000cd48                ull_ticker_stop_with_mark
 .text.ull_pdu_rx_alloc_peek
                0x000000000000cdc8       0x3c zephyr/subsys/bluetooth/controller/libsubsys__bluetooth__controller.a(ull.c.obj)
                0x000000000000cdc8                ull_pdu_rx_alloc_peek
 .text.ull_pdu_rx_alloc
                0x000000000000ce04       0x30 zephyr/subsys/bluetooth/controller/libsubsys__bluetooth__controller.a(ull.c.obj)
                0x000000000000ce04                ull_pdu_rx_alloc
 .text.ull_rx_put
                0x000000000000ce34       0x20 zephyr/subsys/bluetooth/controller/libsubsys__bluetooth__controller.a(ull.c.obj)
                0x000000000000ce34                ull_rx_put
 .text.ull_rx_sched
                0x000000000000ce54       0x10 zephyr/subsys/bluetooth/controller/libsubsys__bluetooth__controller.a(ull.c.obj)
                0x000000000000ce54                ull_rx_sched
 .text.ull_prepare_enqueue
                0x000000000000ce64       0x84 zephyr/subsys/bluetooth/controller/libsubsys__bluetooth__controller.a(ull.c.obj)
                0x000000000000ce64                ull_prepare_enqueue
 .text.ull_prepare_dequeue_get
                0x000000000000cee8       0x1c zephyr/subsys/bluetooth/controller/libsubsys__bluetooth__controller.a(ull.c.obj)
                0x000000000000cee8                ull_prepare_dequeue_get
 .text.ull_prepare_dequeue_iter
                0x000000000000cf04       0x3c zephyr/subsys/bluetooth/controller/libsubsys__bluetooth__controller.a(ull.c.obj)
                0x000000000000cf04                ull_prepare_dequeue_iter
 .text.ull_event_done_extra_get
                0x000000000000cf40       0x20 zephyr/subsys/bluetooth/controller/libsubsys__bluetooth__controller.a(ull.c.obj)
                0x000000000000cf40                ull_event_done_extra_get
 .text.ull_event_done
                0x000000000000cf60       0x60 zephyr/subsys/bluetooth/controller/libsubsys__bluetooth__controller.a(ull.c.obj)
                0x000000000000cf60                ull_event_done
 .text.ticker_cb
                0x000000000000cfc0      0x130 zephyr/subsys/bluetooth/controller/libsubsys__bluetooth__controller.a(ull_adv.c.obj)
 .text.ticker_op_stop_cb
                0x000000000000d0f0       0xa4 zephyr/subsys/bluetooth/controller/libsubsys__bluetooth__controller.a(ull_adv.c.obj)
 .text.disabled_cb
                0x000000000000d194       0x94 zephyr/subsys/bluetooth/controller/libsubsys__bluetooth__controller.a(ull_adv.c.obj)
 .text.ticker_op_update_cb
                0x000000000000d228       0x38 zephyr/subsys/bluetooth/controller/libsubsys__bluetooth__controller.a(ull_adv.c.obj)
 .text.ticker_stop_cb
                0x000000000000d260       0x88 zephyr/subsys/bluetooth/controller/libsubsys__bluetooth__controller.a(ull_adv.c.obj)
 .text.conn_release.constprop.0
                0x000000000000d2e8       0x84 zephyr/subsys/bluetooth/controller/libsubsys__bluetooth__controller.a(ull_adv.c.obj)
 .text.ll_adv_params_set
                0x000000000000d36c      0x13c zephyr/subsys/bluetooth/controller/libsubsys__bluetooth__controller.a(ull_adv.c.obj)
                0x000000000000d36c                ll_adv_params_set
 .text.ull_adv_init
                0x000000000000d4a8       0x1c zephyr/subsys/bluetooth/controller/libsubsys__bluetooth__controller.a(ull_adv.c.obj)
                0x000000000000d4a8                ull_adv_init
 .text.ull_adv_reset
                0x000000000000d4c4      0x138 zephyr/subsys/bluetooth/controller/libsubsys__bluetooth__controller.a(ull_adv.c.obj)
                0x000000000000d4c4                ull_adv_reset
 .text.ull_adv_reset_finalize
                0x000000000000d5fc       0x2c zephyr/subsys/bluetooth/controller/libsubsys__bluetooth__controller.a(ull_adv.c.obj)
                0x000000000000d5fc                ull_adv_reset_finalize
 .text.ull_adv_handle_get
                0x000000000000d628       0x18 zephyr/subsys/bluetooth/controller/libsubsys__bluetooth__controller.a(ull_adv.c.obj)
                0x000000000000d628                ull_adv_handle_get
 .text.ull_adv_lll_handle_get
                0x000000000000d640       0x1c zephyr/subsys/bluetooth/controller/libsubsys__bluetooth__controller.a(ull_adv.c.obj)
                0x000000000000d640                ull_adv_lll_handle_get
 .text.ull_adv_is_enabled_get
                0x000000000000d65c       0x1c zephyr/subsys/bluetooth/controller/libsubsys__bluetooth__controller.a(ull_adv.c.obj)
                0x000000000000d65c                ull_adv_is_enabled_get
 .text.ull_adv_is_enabled
                0x000000000000d678       0x18 zephyr/subsys/bluetooth/controller/libsubsys__bluetooth__controller.a(ull_adv.c.obj)
                0x000000000000d678                ull_adv_is_enabled
 .text.ull_adv_filter_pol_get
                0x000000000000d690       0x20 zephyr/subsys/bluetooth/controller/libsubsys__bluetooth__controller.a(ull_adv.c.obj)
                0x000000000000d690                ull_adv_filter_pol_get
 .text.ull_adv_data_set
                0x000000000000d6b0       0x8c zephyr/subsys/bluetooth/controller/libsubsys__bluetooth__controller.a(ull_adv.c.obj)
                0x000000000000d6b0                ull_adv_data_set
 .text.ll_adv_data_set
                0x000000000000d73c       0x10 zephyr/subsys/bluetooth/controller/libsubsys__bluetooth__controller.a(ull_adv.c.obj)
                0x000000000000d73c                ll_adv_data_set
 .text.ull_scan_rsp_set
                0x000000000000d74c       0x54 zephyr/subsys/bluetooth/controller/libsubsys__bluetooth__controller.a(ull_adv.c.obj)
                0x000000000000d74c                ull_scan_rsp_set
 .text.ll_adv_scan_rsp_set
                0x000000000000d7a0       0x10 zephyr/subsys/bluetooth/controller/libsubsys__bluetooth__controller.a(ull_adv.c.obj)
                0x000000000000d7a0                ll_adv_scan_rsp_set
 .text.tx_ull_dequeue
                0x000000000000d7b0       0x84 zephyr/subsys/bluetooth/controller/libsubsys__bluetooth__controller.a(ull_conn.c.obj)
 .text.init_reset
                0x000000000000d834       0x74 zephyr/subsys/bluetooth/controller/libsubsys__bluetooth__controller.a(ull_conn.c.obj)
 .text.ctrl_tx_pause_enqueue
                0x000000000000d8a8       0xac zephyr/subsys/bluetooth/controller/libsubsys__bluetooth__controller.a(ull_conn.c.obj)
 .text.tx_lll_flush
                0x000000000000d954       0xf8 zephyr/subsys/bluetooth/controller/libsubsys__bluetooth__controller.a(ull_conn.c.obj)
 .text.ticker_op_stop_cb
                0x000000000000da4c       0x64 zephyr/subsys/bluetooth/controller/libsubsys__bluetooth__controller.a(ull_conn.c.obj)
 .text.ticker_start_conn_op_cb
                0x000000000000dab0       0x58 zephyr/subsys/bluetooth/controller/libsubsys__bluetooth__controller.a(ull_conn.c.obj)
 .text.ticker_stop_conn_op_cb
                0x000000000000db08       0x58 zephyr/subsys/bluetooth/controller/libsubsys__bluetooth__controller.a(ull_conn.c.obj)
 .text.ticker_update_conn_op_cb
                0x000000000000db60       0x40 zephyr/subsys/bluetooth/controller/libsubsys__bluetooth__controller.a(ull_conn.c.obj)
 .text.reject_ext_ind_send.isra.0
                0x000000000000dba0       0xa4 zephyr/subsys/bluetooth/controller/libsubsys__bluetooth__controller.a(ull_conn.c.obj)
 .text.start_enc_rsp_send
                0x000000000000dc44       0xc4 zephyr/subsys/bluetooth/controller/libsubsys__bluetooth__controller.a(ull_conn.c.obj)
 .text.ctrl_tx_sec_enqueue
                0x000000000000dd08      0x124 zephyr/subsys/bluetooth/controller/libsubsys__bluetooth__controller.a(ull_conn.c.obj)
 .text.feature_rsp_send.isra.0
                0x000000000000de2c       0xac zephyr/subsys/bluetooth/controller/libsubsys__bluetooth__controller.a(ull_conn.c.obj)
 .text.ll_conn_acquire
                0x000000000000ded8        0xc zephyr/subsys/bluetooth/controller/libsubsys__bluetooth__controller.a(ull_conn.c.obj)
                0x000000000000ded8                ll_conn_acquire
 .text.ll_conn_release
                0x000000000000dee4        0xc zephyr/subsys/bluetooth/controller/libsubsys__bluetooth__controller.a(ull_conn.c.obj)
                0x000000000000dee4                ll_conn_release
 .text.ll_conn_handle_get
                0x000000000000def0       0x10 zephyr/subsys/bluetooth/controller/libsubsys__bluetooth__controller.a(ull_conn.c.obj)
                0x000000000000def0                ll_conn_handle_get
 .text.ll_conn_get
                0x000000000000df00       0x10 zephyr/subsys/bluetooth/controller/libsubsys__bluetooth__controller.a(ull_conn.c.obj)
                0x000000000000df00                ll_conn_get
 .text.ll_connected_get
                0x000000000000df10       0x24 zephyr/subsys/bluetooth/controller/libsubsys__bluetooth__controller.a(ull_conn.c.obj)
                0x000000000000df10                ll_connected_get
 .text.ll_tx_mem_acquire
                0x000000000000df34        0xc zephyr/subsys/bluetooth/controller/libsubsys__bluetooth__controller.a(ull_conn.c.obj)
                0x000000000000df34                ll_tx_mem_acquire
 .text.ll_tx_mem_release
                0x000000000000df40        0xc zephyr/subsys/bluetooth/controller/libsubsys__bluetooth__controller.a(ull_conn.c.obj)
                0x000000000000df40                ll_tx_mem_release
 .text.ll_tx_mem_enqueue
                0x000000000000df4c       0x94 zephyr/subsys/bluetooth/controller/libsubsys__bluetooth__controller.a(ull_conn.c.obj)
                0x000000000000df4c                ll_tx_mem_enqueue
 .text.ll_conn_update
                0x000000000000dfe0      0x124 zephyr/subsys/bluetooth/controller/libsubsys__bluetooth__controller.a(ull_conn.c.obj)
                0x000000000000dfe0                ll_conn_update
 .text.ll_chm_get
                0x000000000000e104       0x40 zephyr/subsys/bluetooth/controller/libsubsys__bluetooth__controller.a(ull_conn.c.obj)
                0x000000000000e104                ll_chm_get
 .text.ll_terminate_ind_send
                0x000000000000e144       0x48 zephyr/subsys/bluetooth/controller/libsubsys__bluetooth__controller.a(ull_conn.c.obj)
                0x000000000000e144                ll_terminate_ind_send
 .text.ll_feature_req_send
                0x000000000000e18c       0x4c zephyr/subsys/bluetooth/controller/libsubsys__bluetooth__controller.a(ull_conn.c.obj)
                0x000000000000e18c                ll_feature_req_send
 .text.ll_version_ind_send
                0x000000000000e1d8       0x4c zephyr/subsys/bluetooth/controller/libsubsys__bluetooth__controller.a(ull_conn.c.obj)
                0x000000000000e1d8                ll_version_ind_send
 .text.ll_length_req_send
                0x000000000000e224       0xa8 zephyr/subsys/bluetooth/controller/libsubsys__bluetooth__controller.a(ull_conn.c.obj)
                0x000000000000e224                ll_length_req_send
 .text.ll_length_default_get
                0x000000000000e2cc       0x18 zephyr/subsys/bluetooth/controller/libsubsys__bluetooth__controller.a(ull_conn.c.obj)
                0x000000000000e2cc                ll_length_default_get
 .text.ll_length_default_set
                0x000000000000e2e4       0x14 zephyr/subsys/bluetooth/controller/libsubsys__bluetooth__controller.a(ull_conn.c.obj)
                0x000000000000e2e4                ll_length_default_set
 .text.ll_length_max_get
                0x000000000000e2f8       0x14 zephyr/subsys/bluetooth/controller/libsubsys__bluetooth__controller.a(ull_conn.c.obj)
                0x000000000000e2f8                ll_length_max_get
 .text.ll_phy_get
                0x000000000000e30c       0x3c zephyr/subsys/bluetooth/controller/libsubsys__bluetooth__controller.a(ull_conn.c.obj)
                0x000000000000e30c                ll_phy_get
 .text.ll_phy_default_set
                0x000000000000e348       0x14 zephyr/subsys/bluetooth/controller/libsubsys__bluetooth__controller.a(ull_conn.c.obj)
                0x000000000000e348                ll_phy_default_set
 .text.ll_phy_req_send
                0x000000000000e35c       0xa4 zephyr/subsys/bluetooth/controller/libsubsys__bluetooth__controller.a(ull_conn.c.obj)
                0x000000000000e35c                ll_phy_req_send
 .text.ll_apto_get
                0x000000000000e400       0x48 zephyr/subsys/bluetooth/controller/libsubsys__bluetooth__controller.a(ull_conn.c.obj)
                0x000000000000e400                ll_apto_get
 .text.ll_apto_set
                0x000000000000e448       0x44 zephyr/subsys/bluetooth/controller/libsubsys__bluetooth__controller.a(ull_conn.c.obj)
                0x000000000000e448                ll_apto_set
 .text.ull_conn_init
                0x000000000000e48c        0x4 zephyr/subsys/bluetooth/controller/libsubsys__bluetooth__controller.a(ull_conn.c.obj)
                0x000000000000e48c                ull_conn_init
 .text.ull_conn_reset
                0x000000000000e490       0x74 zephyr/subsys/bluetooth/controller/libsubsys__bluetooth__controller.a(ull_conn.c.obj)
                0x000000000000e490                ull_conn_reset
 .text.ull_conn_default_tx_octets_get
                0x000000000000e504        0xc zephyr/subsys/bluetooth/controller/libsubsys__bluetooth__controller.a(ull_conn.c.obj)
                0x000000000000e504                ull_conn_default_tx_octets_get
 .text.ull_conn_default_tx_time_get
                0x000000000000e510        0xc zephyr/subsys/bluetooth/controller/libsubsys__bluetooth__controller.a(ull_conn.c.obj)
                0x000000000000e510                ull_conn_default_tx_time_get
 .text.ull_conn_default_phy_tx_get
                0x000000000000e51c        0xc zephyr/subsys/bluetooth/controller/libsubsys__bluetooth__controller.a(ull_conn.c.obj)
                0x000000000000e51c                ull_conn_default_phy_tx_get
 .text.ull_conn_default_phy_rx_get
                0x000000000000e528        0xc zephyr/subsys/bluetooth/controller/libsubsys__bluetooth__controller.a(ull_conn.c.obj)
                0x000000000000e528                ull_conn_default_phy_rx_get
 .text.ull_conn_setup
                0x000000000000e534       0x44 zephyr/subsys/bluetooth/controller/libsubsys__bluetooth__controller.a(ull_conn.c.obj)
                0x000000000000e534                ull_conn_setup
 .text.ull_conn_rx
                0x000000000000e578     0x1814 zephyr/subsys/bluetooth/controller/libsubsys__bluetooth__controller.a(ull_conn.c.obj)
                0x000000000000e578                ull_conn_rx
 .text.ull_conn_tx_demux
                0x000000000000fd8c       0xa0 zephyr/subsys/bluetooth/controller/libsubsys__bluetooth__controller.a(ull_conn.c.obj)
                0x000000000000fd8c                ull_conn_tx_demux
 .text.conn_cleanup
                0x000000000000fe2c       0xfc zephyr/subsys/bluetooth/controller/libsubsys__bluetooth__controller.a(ull_conn.c.obj)
 .text.ull_conn_done
                0x000000000000ff28      0x314 zephyr/subsys/bluetooth/controller/libsubsys__bluetooth__controller.a(ull_conn.c.obj)
                0x000000000000ff28                ull_conn_done
 .text.ull_conn_tx_lll_enqueue
                0x000000000001023c      0x1ec zephyr/subsys/bluetooth/controller/libsubsys__bluetooth__controller.a(ull_conn.c.obj)
                0x000000000001023c                ull_conn_tx_lll_enqueue
 .text.tx_demux
                0x0000000000010428       0x18 zephyr/subsys/bluetooth/controller/libsubsys__bluetooth__controller.a(ull_conn.c.obj)
 .text.ull_conn_link_tx_release
                0x0000000000010440        0xc zephyr/subsys/bluetooth/controller/libsubsys__bluetooth__controller.a(ull_conn.c.obj)
                0x0000000000010440                ull_conn_link_tx_release
 .text.ull_conn_ack_last_idx_get
                0x000000000001044c        0xc zephyr/subsys/bluetooth/controller/libsubsys__bluetooth__controller.a(ull_conn.c.obj)
                0x000000000001044c                ull_conn_ack_last_idx_get
 .text.ull_conn_ack_peek
                0x0000000000010458       0x34 zephyr/subsys/bluetooth/controller/libsubsys__bluetooth__controller.a(ull_conn.c.obj)
                0x0000000000010458                ull_conn_ack_peek
 .text.ull_conn_ack_by_last_peek
                0x000000000001048c       0x2c zephyr/subsys/bluetooth/controller/libsubsys__bluetooth__controller.a(ull_conn.c.obj)
                0x000000000001048c                ull_conn_ack_by_last_peek
 .text.ull_conn_ack_dequeue
                0x00000000000104b8       0x30 zephyr/subsys/bluetooth/controller/libsubsys__bluetooth__controller.a(ull_conn.c.obj)
                0x00000000000104b8                ull_conn_ack_dequeue
 .text.ull_conn_lll_ack_enqueue
                0x00000000000104e8       0x60 zephyr/subsys/bluetooth/controller/libsubsys__bluetooth__controller.a(ull_conn.c.obj)
                0x00000000000104e8                ull_conn_lll_ack_enqueue
 .text.ull_conn_tx_ack
                0x0000000000010548      0x364 zephyr/subsys/bluetooth/controller/libsubsys__bluetooth__controller.a(ull_conn.c.obj)
                0x0000000000010548                ull_conn_tx_ack
 .text.ull_conn_lll_max_tx_octets_get
                0x00000000000108ac       0x34 zephyr/subsys/bluetooth/controller/libsubsys__bluetooth__controller.a(ull_conn.c.obj)
                0x00000000000108ac                ull_conn_lll_max_tx_octets_get
 .text.ticker_update_latency_cancel_op_cb
                0x00000000000108e0       0x48 zephyr/subsys/bluetooth/controller/libsubsys__bluetooth__controller.a(ull_slave.c.obj)
 .text.ticker_op_cb
                0x0000000000010928       0x30 zephyr/subsys/bluetooth/controller/libsubsys__bluetooth__controller.a(ull_slave.c.obj)
 .text.ticker_op_stop_adv_cb.part.0
                0x0000000000010958       0x2c zephyr/subsys/bluetooth/controller/libsubsys__bluetooth__controller.a(ull_slave.c.obj)
 .text.ticker_op_stop_adv_cb
                0x0000000000010984       0x1c zephyr/subsys/bluetooth/controller/libsubsys__bluetooth__controller.a(ull_slave.c.obj)
 .text.ull_slave_ticker_cb
                0x00000000000109a0       0xb8 zephyr/subsys/bluetooth/controller/libsubsys__bluetooth__controller.a(ull_slave.c.obj)
                0x00000000000109a0                ull_slave_ticker_cb
 .text.ull_slave_latency_cancel
                0x0000000000010a58       0x70 zephyr/subsys/bluetooth/controller/libsubsys__bluetooth__controller.a(ull_slave.c.obj)
                0x0000000000010a58                ull_slave_latency_cancel
 .text.ll_start_enc_req_send
                0x0000000000010ac8       0xa0 zephyr/subsys/bluetooth/controller/libsubsys__bluetooth__controller.a(ull_slave.c.obj)
                0x0000000000010ac8                ll_start_enc_req_send
 .text.ull_chan_map_get
                0x0000000000010b68       0x1c zephyr/subsys/bluetooth/controller/libsubsys__bluetooth__controller.a(ull_chan.c.obj)
                0x0000000000010b68                ull_chan_map_get
 .text.lll_chan_sel_1
                0x0000000000010b84       0x78 zephyr/subsys/bluetooth/controller/libsubsys__bluetooth__controller.a(lll_chan.c.obj)
                0x0000000000010b84                lll_chan_sel_1
 .text.lll_chan_sel_2
                0x0000000000010bfc       0xcc zephyr/subsys/bluetooth/controller/libsubsys__bluetooth__controller.a(lll_chan.c.obj)
                0x0000000000010bfc                lll_chan_sel_2
 .text.wl_find  0x0000000000010cc8       0x70 zephyr/subsys/bluetooth/controller/libsubsys__bluetooth__controller.a(ull_filter.c.obj)
 .text.filter_insert
                0x0000000000010d38       0x2c zephyr/subsys/bluetooth/controller/libsubsys__bluetooth__controller.a(ull_filter.c.obj)
 .text.wl_update
                0x0000000000010d64       0x70 zephyr/subsys/bluetooth/controller/libsubsys__bluetooth__controller.a(ull_filter.c.obj)
 .text.rl_update
                0x0000000000010dd4       0x3c zephyr/subsys/bluetooth/controller/libsubsys__bluetooth__controller.a(ull_filter.c.obj)
 .text.ll_wl_size_get
                0x0000000000010e10        0x4 zephyr/subsys/bluetooth/controller/libsubsys__bluetooth__controller.a(ull_filter.c.obj)
                0x0000000000010e10                ll_wl_size_get
 .text.ll_wl_clear
                0x0000000000010e14       0x54 zephyr/subsys/bluetooth/controller/libsubsys__bluetooth__controller.a(ull_filter.c.obj)
                0x0000000000010e14                ll_wl_clear
 .text.ll_wl_remove
                0x0000000000010e68       0x6c zephyr/subsys/bluetooth/controller/libsubsys__bluetooth__controller.a(ull_filter.c.obj)
                0x0000000000010e68                ll_wl_remove
 .text.ll_rl_id_addr_get
                0x0000000000010ed4       0x8c zephyr/subsys/bluetooth/controller/libsubsys__bluetooth__controller.a(ull_filter.c.obj)
                0x0000000000010ed4                ll_rl_id_addr_get
 .text.ll_rl_size_get
                0x0000000000010f60        0x4 zephyr/subsys/bluetooth/controller/libsubsys__bluetooth__controller.a(ull_filter.c.obj)
                0x0000000000010f60                ll_rl_size_get
 .text.ll_rl_clear
                0x0000000000010f64       0x80 zephyr/subsys/bluetooth/controller/libsubsys__bluetooth__controller.a(ull_filter.c.obj)
                0x0000000000010f64                ll_rl_clear
 .text.ll_rl_enable
                0x0000000000010fe4       0x2c zephyr/subsys/bluetooth/controller/libsubsys__bluetooth__controller.a(ull_filter.c.obj)
                0x0000000000010fe4                ll_rl_enable
 .text.ll_rl_timeout_set
                0x0000000000011010       0x14 zephyr/subsys/bluetooth/controller/libsubsys__bluetooth__controller.a(ull_filter.c.obj)
                0x0000000000011010                ll_rl_timeout_set
 .text.ull_filter_adv_scan_state_cb
                0x0000000000011024       0x44 zephyr/subsys/bluetooth/controller/libsubsys__bluetooth__controller.a(ull_filter.c.obj)
                0x0000000000011024                ull_filter_adv_scan_state_cb
 .text.ull_filter_adv_update
                0x0000000000011068       0x34 zephyr/subsys/bluetooth/controller/libsubsys__bluetooth__controller.a(ull_filter.c.obj)
                0x0000000000011068                ull_filter_adv_update
 .text.ull_filter_adv_pdu_update
                0x000000000001109c      0x10c zephyr/subsys/bluetooth/controller/libsubsys__bluetooth__controller.a(ull_filter.c.obj)
                0x000000000001109c                ull_filter_adv_pdu_update
 .text.ull_filter_rpa_update
                0x00000000000111a8      0x204 zephyr/subsys/bluetooth/controller/libsubsys__bluetooth__controller.a(ull_filter.c.obj)
                0x00000000000111a8                ull_filter_rpa_update
 .text.rpa_timeout
                0x00000000000113ac       0x40 zephyr/subsys/bluetooth/controller/libsubsys__bluetooth__controller.a(ull_filter.c.obj)
 .text.ull_filter_rl_find
                0x00000000000113ec       0x78 zephyr/subsys/bluetooth/controller/libsubsys__bluetooth__controller.a(ull_filter.c.obj)
                0x00000000000113ec                ull_filter_rl_find
 .text.ll_wl_add
                0x0000000000011464       0xc8 zephyr/subsys/bluetooth/controller/libsubsys__bluetooth__controller.a(ull_filter.c.obj)
                0x0000000000011464                ll_wl_add
 .text.ll_rl_add
                0x000000000001152c      0x18c zephyr/subsys/bluetooth/controller/libsubsys__bluetooth__controller.a(ull_filter.c.obj)
                0x000000000001152c                ll_rl_add
 .text.ll_rl_remove
                0x00000000000116b8      0x100 zephyr/subsys/bluetooth/controller/libsubsys__bluetooth__controller.a(ull_filter.c.obj)
                0x00000000000116b8                ll_rl_remove
 .text.ll_rl_crpa_set
                0x00000000000117b8       0x44 zephyr/subsys/bluetooth/controller/libsubsys__bluetooth__controller.a(ull_filter.c.obj)
                0x00000000000117b8                ll_rl_crpa_set
 .text.ll_rl_crpa_get
                0x00000000000117fc       0x44 zephyr/subsys/bluetooth/controller/libsubsys__bluetooth__controller.a(ull_filter.c.obj)
                0x00000000000117fc                ll_rl_crpa_get
 .text.ll_rl_lrpa_get
                0x0000000000011840       0x38 zephyr/subsys/bluetooth/controller/libsubsys__bluetooth__controller.a(ull_filter.c.obj)
                0x0000000000011840                ll_rl_lrpa_get
 .text.ll_priv_mode_set
                0x0000000000011878       0x64 zephyr/subsys/bluetooth/controller/libsubsys__bluetooth__controller.a(ull_filter.c.obj)
                0x0000000000011878                ll_priv_mode_set
 .text.ull_filter_reset
                0x00000000000118dc       0xf0 zephyr/subsys/bluetooth/controller/libsubsys__bluetooth__controller.a(ull_filter.c.obj)
                0x00000000000118dc                ull_filter_reset
 .text.ull_filter_lll_lrpa_used
                0x00000000000119cc       0x1c zephyr/subsys/bluetooth/controller/libsubsys__bluetooth__controller.a(ull_filter.c.obj)
                0x00000000000119cc                ull_filter_lll_lrpa_used
 .text.ull_filter_lll_irks_get
                0x00000000000119e8       0x14 zephyr/subsys/bluetooth/controller/libsubsys__bluetooth__controller.a(ull_filter.c.obj)
                0x00000000000119e8                ull_filter_lll_irks_get
 .text.ull_filter_lll_rl_irk_idx
                0x00000000000119fc       0xa4 zephyr/subsys/bluetooth/controller/libsubsys__bluetooth__controller.a(ull_filter.c.obj)
                0x00000000000119fc                ull_filter_lll_rl_irk_idx
 .text.ull_filter_lll_irk_whitelisted
                0x0000000000011aa0       0x60 zephyr/subsys/bluetooth/controller/libsubsys__bluetooth__controller.a(ull_filter.c.obj)
                0x0000000000011aa0                ull_filter_lll_irk_whitelisted
 .text.ull_filter_lll_get
                0x0000000000011b00       0x18 zephyr/subsys/bluetooth/controller/libsubsys__bluetooth__controller.a(ull_filter.c.obj)
                0x0000000000011b00                ull_filter_lll_get
 .text.ull_filter_lll_rl_addr_allowed
                0x0000000000011b18       0x7c zephyr/subsys/bluetooth/controller/libsubsys__bluetooth__controller.a(ull_filter.c.obj)
                0x0000000000011b18                ull_filter_lll_rl_addr_allowed
 .text.ull_filter_lll_rl_enabled
                0x0000000000011b94       0x10 zephyr/subsys/bluetooth/controller/libsubsys__bluetooth__controller.a(ull_filter.c.obj)
                0x0000000000011b94                ull_filter_lll_rl_enabled
 .text.radio_nrf5_isr
                0x0000000000011ba4       0x20 zephyr/subsys/bluetooth/controller/libsubsys__bluetooth__controller.a(lll.c.obj)
                0x0000000000011ba4                radio_nrf5_isr
 .text.rtc0_nrf5_isr
                0x0000000000011bc4       0x2c zephyr/subsys/bluetooth/controller/libsubsys__bluetooth__controller.a(lll.c.obj)
 .text.swi_lll_nrf5_isr
                0x0000000000011bf0        0x8 zephyr/subsys/bluetooth/controller/libsubsys__bluetooth__controller.a(lll.c.obj)
 .text.isr_race
                0x0000000000011bf8        0x4 zephyr/subsys/bluetooth/controller/libsubsys__bluetooth__controller.a(lll.c.obj)
 .text.ticker_stop_op_cb
                0x0000000000011bfc       0x30 zephyr/subsys/bluetooth/controller/libsubsys__bluetooth__controller.a(lll.c.obj)
 .text.ticker_start_op_cb
                0x0000000000011c2c       0x30 zephyr/subsys/bluetooth/controller/libsubsys__bluetooth__controller.a(lll.c.obj)
 .text.preempt_ticker_start.isra.0
                0x0000000000011c5c       0x74 zephyr/subsys/bluetooth/controller/libsubsys__bluetooth__controller.a(lll.c.obj)
 .text.prepare  0x0000000000011cd0      0x10c zephyr/subsys/bluetooth/controller/libsubsys__bluetooth__controller.a(lll.c.obj)
 .text.preempt  0x0000000000011ddc      0x144 zephyr/subsys/bluetooth/controller/libsubsys__bluetooth__controller.a(lll.c.obj)
 .text.preempt_ticker_cb
                0x0000000000011f20       0x40 zephyr/subsys/bluetooth/controller/libsubsys__bluetooth__controller.a(lll.c.obj)
 .text.lll_init
                0x0000000000011f60       0x64 zephyr/subsys/bluetooth/controller/libsubsys__bluetooth__controller.a(lll.c.obj)
                0x0000000000011f60                lll_init
 .text.lll_csrand_get
                0x0000000000011fc4       0x18 zephyr/subsys/bluetooth/controller/libsubsys__bluetooth__controller.a(lll.c.obj)
                0x0000000000011fc4                lll_csrand_get
 .text.lll_csrand_isr_get
                0x0000000000011fdc       0x28 zephyr/subsys/bluetooth/controller/libsubsys__bluetooth__controller.a(lll.c.obj)
                0x0000000000011fdc                lll_csrand_isr_get
 .text.lll_rand_isr_get
                0x0000000000012004        0x4 zephyr/subsys/bluetooth/controller/libsubsys__bluetooth__controller.a(lll.c.obj)
                0x0000000000012004                lll_rand_isr_get
 .text.lll_reset
                0x0000000000012008        0x4 zephyr/subsys/bluetooth/controller/libsubsys__bluetooth__controller.a(lll.c.obj)
                0x0000000000012008                lll_reset
 .text.lll_prepare
                0x000000000001200c       0x14 zephyr/subsys/bluetooth/controller/libsubsys__bluetooth__controller.a(lll.c.obj)
                0x000000000001200c                lll_prepare
 .text.lll_resume
                0x0000000000012020       0x50 zephyr/subsys/bluetooth/controller/libsubsys__bluetooth__controller.a(lll.c.obj)
                0x0000000000012020                lll_resume
 .text.lll_disable